ubuntu@ip-172-31-34-138:~$
ubuntu@ip-172-31-34-138:~$
ubuntu@ip-172-31-34-138:~$
ubuntu@ip-172-31-34-138:~$
ubuntu@ip-172-31-34-138:~$
ubuntu@ip-172-31-34-138:~$
ubuntu@ip-172-31-34-138:~$
ubuntu@ip-172-31-34-138:~$
ubuntu@ip-172-31-34-138:~$
ubuntu@ip-172-31-34-138:~$
ubuntu@ip-172-31-34-138:~$
ubuntu@ip-172-31-34-138:~$
ubuntu@ip-172-31-34-138:~$
ubuntu@ip-172-31-34-138:~$
ubuntu@ip-172-31-34-138:~$
ubuntu@ip-172-31-34-138:~$
ubuntu@ip-172-31-34-138:~$
ubuntu@ip-172-31-34-138:~$
ubuntu@ip-172-31-34-138:~$
ubuntu@ip-172-31-34-138:~$
ubuntu@ip-172-31-34-138:~$
ubuntu@ip-172-31-34-138:~$
ubuntu@ip-172-31-34-138:~$
ubuntu@ip-172-31-34-138:~$
ubuntu@ip-172-31-34-138:~$
ubuntu@ip-172-31-34-138:~$
ubuntu@ip-172-31-34-138:~$
ubuntu@ip-172-31-34-138:~$
ubuntu@ip-172-31-34-138:~$
ubuntu@ip-172-31-34-138:~$
ubuntu@ip-172-31-34-138:~$
ubuntu@ip-172-31-34-138:~$
ubuntu@ip-172-31-34-138:~$
ubuntu@ip-172-31-34-138:~$
ubuntu@ip-172-31-34-138:~$
ubuntu@ip-172-31-34-138:~$
ubuntu@ip-172-31-34-138:~$
ubuntu@ip-172-31-34-138:~$
ubuntu@ip-172-31-34-138:~$
ubuntu@ip-172-31-34-138:~$
ubuntu@ip-172-31-34-138:~$
ubuntu@ip-172-31-34-138:~$
ubuntu@ip-172-31-34-138:~$
ubuntu@ip-172-31-34-138:~$
ubuntu@ip-172-31-34-138:~$
ubuntu@ip-172-31-34-138:~$
ubuntu@ip-172-31-34-138:~$
ubuntu@ip-172-31-34-138:~$
ubuntu@ip-172-31-34-138:~$
ubuntu@ip-172-31-34-138:~$
ubuntu@ip-172-31-34-138:~$
ubuntu@ip-172-31-34-138:~$ clear
ubuntu@ip-172-31-34-138:~$
ubuntu@ip-172-31-34-138:~$ sudo -ii
root@ip-172-31-34-138:~# apt-get update
Hit:1 http://us-east-1.ec2.archive.ubuntu.com/ubuntu xenial InRelease
Get:2 http://us-east-1.ec2.archive.ubuntu.com/ubuntu xenial-updates InRelease [109 kB]
Get:3 http://us-east-1.ec2.archive.ubuntu.com/ubuntu xenial-backports InRelease [107 kB]
Get:4 http://us-east-1.ec2.archive.ubuntu.com/ubuntu xenial/main Sources [868 kB]
Get:5 http://us-east-1.ec2.archive.ubuntu.com/ubuntu xenial/restricted Sources [4,808 B]
Get:6 http://us-east-1.ec2.archive.ubuntu.com/ubuntu xenial/universe Sources [7,728 kB]
Get:7 http://security.ubuntu.com/ubuntu xenial-security InRelease [109 kB]
Get:8 http://us-east-1.ec2.archive.ubuntu.com/ubuntu xenial/multiverse Sources [179 kB]
Get:9 http://us-east-1.ec2.archive.ubuntu.com/ubuntu xenial/universe amd64 Packages [7,532 kB]
Get:10 http://us-east-1.ec2.archive.ubuntu.com/ubuntu xenial/universe Translation-en [4,354 kB]
Get:11 http://us-east-1.ec2.archive.ubuntu.com/ubuntu xenial/multiverse amd64 Packages [144 kB]
Get:12 http://us-east-1.ec2.archive.ubuntu.com/ubuntu xenial/multiverse Translation-en [106 kB]
Get:13 http://us-east-1.ec2.archive.ubuntu.com/ubuntu xenial-updates/main Sources [329 kB]
Get:14 http://us-east-1.ec2.archive.ubuntu.com/ubuntu xenial-updates/restricted Sources [2,528 B]
Get:15 http://us-east-1.ec2.archive.ubuntu.com/ubuntu xenial-updates/universe Sources [244 kB]
Get:16 http://us-east-1.ec2.archive.ubuntu.com/ubuntu xenial-updates/multiverse Sources [8,760 B]
Get:17 http://us-east-1.ec2.archive.ubuntu.com/ubuntu xenial-updates/main amd64 Packages [910 kB]
Get:18 http://us-east-1.ec2.archive.ubuntu.com/ubuntu xenial-updates/main Translation-en [367 kB]
Get:19 http://us-east-1.ec2.archive.ubuntu.com/ubuntu xenial-updates/universe amd64 Packages [726 kB]
Get:20 http://us-east-1.ec2.archive.ubuntu.com/ubuntu xenial-updates/universe Translation-en [300 kB]
Get:21 http://security.ubuntu.com/ubuntu xenial-security/main Sources [142 kB]
Get:22 http://us-east-1.ec2.archive.ubuntu.com/ubuntu xenial-updates/multiverse amd64 Packages [16.6 kB]
Get:23 http://us-east-1.ec2.archive.ubuntu.com/ubuntu xenial-updates/multiverse Translation-en [8,440 B]
Get:24 http://us-east-1.ec2.archive.ubuntu.com/ubuntu xenial-backports/main Sources [4,848 B]
Get:25 http://us-east-1.ec2.archive.ubuntu.com/ubuntu xenial-backports/universe Sources [6,740 B]
Get:26 http://us-east-1.ec2.archive.ubuntu.com/ubuntu xenial-backports/main amd64 Packages [7,280 B]
Get:27 http://us-east-1.ec2.archive.ubuntu.com/ubuntu xenial-backports/main Translation-en [4,456 B]
Get:28 http://us-east-1.ec2.archive.ubuntu.com/ubuntu xenial-backports/universe amd64 Packages [7,804 B]
Get:29 http://us-east-1.ec2.archive.ubuntu.com/ubuntu xenial-backports/universe Translation-en [4,184 B]
Get:30 http://security.ubuntu.com/ubuntu xenial-security/restricted Sources [2,116 B]
Get:31 http://security.ubuntu.com/ubuntu xenial-security/universe Sources [97.7 kB]
Get:32 http://security.ubuntu.com/ubuntu xenial-security/multiverse Sources [3,416 B]
Get:33 http://security.ubuntu.com/ubuntu xenial-security/main amd64 Packages [612 kB]
Get:34 http://security.ubuntu.com/ubuntu xenial-security/main Translation-en [253 kB]
Get:35 http://security.ubuntu.com/ubuntu xenial-security/universe amd64 Packages [422 kB]
Get:36 http://security.ubuntu.com/ubuntu xenial-security/universe Translation-en [168 kB]
Get:37 http://security.ubuntu.com/ubuntu xenial-security/multiverse amd64 Packages [5,600 B]
Get:38 http://security.ubuntu.com/ubuntu xenial-security/multiverse Translation-en [2,676 B]
Fetched 25.9 MB in 4s (5,445 kB/s)
Reading package lists... Done
root@ip-172-31-34-138:~# add-apt-repository ppa:webupd8team/java
 Oracle Java (JDK) Installer (automatically downloads and installs Oracle JDK8). There are no actual Java files in this PPA.

Important -> Why Oracle Java 7 And 6 Installers No Longer Work: http://www.webupd8.org/2017/06/why-oracle-java-7-and-6-installers-no.html

Update: Oracle Java 9 has reached end of life: http://www.oracle.com/technetwork/java/javase/downloads/jdk9-downloads-3848520.html

The PPA supports Ubuntu 18.10, 18.04, 16.04, 14.04 and 12.04.

More info (and Ubuntu installation instructions):
- http://www.webupd8.org/2012/09/install-oracle-java-8-in-ubuntu-via-ppa.html

Debian installation instructions:
- Oracle Java 8: http://www.webupd8.org/2014/03/how-to-install-oracle-java-8-in-debian.html

For Oracle Java 11, see a different PPA -> https://www.linuxuprising.com/2018/10/how-to-install-oracle-java-11-in-ubuntu.html
 More info: https://launchpad.net/~webupd8team/+archive/ubuntu/java
Press [ENTER] to continue or ctrl-c to cancel adding it

gpg: keyring `/tmp/tmpy6reolka/secring.gpg' created
gpg: keyring `/tmp/tmpy6reolka/pubring.gpg' created
gpg: requesting key EEA14886 from hkp server keyserver.ubuntu.com
gpg: /tmp/tmpy6reolka/trustdb.gpg: trustdb created
gpg: key EEA14886: public key "Launchpad VLC" imported
gpg: no ultimately trusted keys found
gpg: Total number processed: 1
gpg:               imported: 1  (RSA: 1)
OK
root@ip-172-31-34-138:~# apt-get update
Hit:1 http://us-east-1.ec2.archive.ubuntu.com/ubuntu xenial InRelease
Hit:2 http://us-east-1.ec2.archive.ubuntu.com/ubuntu xenial-updates InRelease
Hit:3 http://us-east-1.ec2.archive.ubuntu.com/ubuntu xenial-backports InRelease
Hit:4 http://security.ubuntu.com/ubuntu xenial-security InRelease
Get:5 http://ppa.launchpad.net/webupd8team/java/ubuntu xenial InRelease [17.5 kB]
Get:6 http://ppa.launchpad.net/webupd8team/java/ubuntu xenial/main amd64 Packages [1,556 B]
Get:7 http://ppa.launchpad.net/webupd8team/java/ubuntu xenial/main Translation-en [928 B]
Fetched 20.0 kB in 0s (33.3 kB/s)

Reading package lists... Done
root@ip-172-31-34-138:~#
root@ip-172-31-34-138:~# apt-get install oracle-java8-installer
Reading package lists... Done
Building dependency tree
Reading state information... Done
The following additional packages will be installed:
  binutils gsfonts gsfonts-x11 java-common libfontenc1 libxfont1 oracle-java8-set-default
  x11-common xfonts-encodings xfonts-utils
Suggested packages:
  binutils-doc binfmt-support visualvm ttf-baekmuk | ttf-unfonts | ttf-unfonts-core
  ttf-kochi-gothic | ttf-sazanami-gothic ttf-kochi-mincho | ttf-sazanami-mincho
  ttf-arphic-uming firefox | firefox-2 | iceweasel | mozilla-firefox | iceape-browser
  | mozilla-browser | epiphany-gecko | epiphany-webkit | epiphany-browser | galeon
  | midbrowser | moblin-web-browser | xulrunner | xulrunner-1.9 | konqueror
  | chromium-browser | midori | google-chrome
The following NEW packages will be installed:
  binutils gsfonts gsfonts-x11 java-common libfontenc1 libxfont1 oracle-java8-installer
  oracle-java8-set-default x11-common xfonts-encodings xfonts-utils
0 upgraded, 11 newly installed, 0 to remove and 55 not upgraded.
Need to get 6,518 kB of archives.
After this operation, 20.5 MB of additional disk space will be used.
Do you want to continue? [Y/n]
Get:1 http://us-east-1.ec2.archive.ubuntu.com/ubuntu xenial-updates/main amd64 binutils amd64 2.26.1-1ubuntu1~16.04.7 [2,309 kB]
Get:2 http://us-east-1.ec2.archive.ubuntu.com/ubuntu xenial/main amd64 java-common all 0.56ubuntu2 [7,742 B]
Get:3 http://us-east-1.ec2.archive.ubuntu.com/ubuntu xenial/main amd64 gsfonts all 1:8.11+urwcyr1.0.7~pre44-4.2ubuntu1 [3,374 kB]
Get:4 http://us-east-1.ec2.archive.ubuntu.com/ubuntu xenial/main amd64 libfontenc1 amd64 1:1.1.3-1 [13.9 kB]
Get:5 http://us-east-1.ec2.archive.ubuntu.com/ubuntu xenial-updates/main amd64 libxfont1 amd64 1:1.5.1-1ubuntu0.16.04.4 [95.0 kB]
Get:6 http://us-east-1.ec2.archive.ubuntu.com/ubuntu xenial-updates/main amd64 x11-common all 1:7.7+13ubuntu3.1 [22.9 kB]
Get:7 http://us-east-1.ec2.archive.ubuntu.com/ubuntu xenial/main amd64 xfonts-encodings all 1:1.0.4-2 [573 kB]
Get:8 http://ppa.launchpad.net/webupd8team/java/ubuntu xenial/main amd64 oracle-java8-installer all 8u201-1~webupd8~1 [32.5 kB]
Get:9 http://us-east-1.ec2.archive.ubuntu.com/ubuntu xenial-updates/main amd64 xfonts-utils amd64 1:7.7+3ubuntu0.16.04.2 [74.6 kB]
Get:10 http://us-east-1.ec2.archive.ubuntu.com/ubuntu xenial/universe amd64 gsfonts-x11 all 0.24 [7,314 B]
Get:11 http://ppa.launchpad.net/webupd8team/java/ubuntu xenial/main amd64 oracle-java8-set-default all 8u201-1~webupd8~1 [6,984 B]
Fetched 6,518 kB in 0s (16.9 MB/s)
Preconfiguring packages ...
Selecting previously unselected package binutils.
(Reading database ... 51302 files and directories currently installed.)
Preparing to unpack .../binutils_2.26.1-1ubuntu1~16.04.7_amd64.deb ...
Unpacking binutils (2.26.1-1ubuntu1~16.04.7) ...
Selecting previously unselected package java-common.
Preparing to unpack .../java-common_0.56ubuntu2_all.deb ...
Unpacking java-common (0.56ubuntu2) ...
Processing triggers for libc-bin (2.23-0ubuntu10) ...
Processing triggers for man-db (2.7.5-1) ...
Setting up binutils (2.26.1-1ubuntu1~16.04.7) ...
Processing triggers for libc-bin (2.23-0ubuntu10) ...
Selecting previously unselected package oracle-java8-installer.
(Reading database ... 51518 files and directories currently installed.)
Preparing to unpack .../oracle-java8-installer_8u201-1~webupd8~1_all.deb ...
Unpacking oracle-java8-installer (8u201-1~webupd8~1) ...
Processing triggers for shared-mime-info (1.5-2ubuntu0.2) ...
Processing triggers for mime-support (3.59ubuntu1) ...
Setting up java-common (0.56ubuntu2) ...
Setting up oracle-java8-installer (8u201-1~webupd8~1) ...
No /var/cache/oracle-jdk8-installer/wgetrc file found.
Creating /var/cache/oracle-jdk8-installer/wgetrc and
using default oracle-java8-installer wgetrc settings for it.
Downloading Oracle Java 8...
--2019-02-06 12:28:55--  http://download.oracle.com/otn-pub/java/jdk/8u201-b09/42970487e3af4f5aa5bca3f542482c60/jdk-8u201-linux-x64.tar.gz
Resolving download.oracle.com (download.oracle.com)... 23.55.126.151
Connecting to download.oracle.com (download.oracle.com)|23.55.126.151|:80... connected.
HTTP request sent, awaiting response... 302 Moved Temporarily
Location: https://edelivery.oracle.com/otn-pub/java/jdk/8u201-b09/42970487e3af4f5aa5bca3f542482c60/jdk-8u201-linux-x64.tar.gz [following]
--2019-02-06 12:28:55--  https://edelivery.oracle.com/otn-pub/java/jdk/8u201-b09/42970487e3af4f5aa5bca3f542482c60/jdk-8u201-linux-x64.tar.gz
Resolving edelivery.oracle.com (edelivery.oracle.com)... 104.96.241.14, 2600:1408:20:29b::366, 2600:1408:20:28a::366
Connecting to edelivery.oracle.com (edelivery.oracle.com)|104.96.241.14|:443... connected.
HTTP request sent, awaiting response... 302 Moved Temporarily
Location: http://download.oracle.com/otn-pub/java/jdk/8u201-b09/42970487e3af4f5aa5bca3f542482c60/jdk-8u201-linux-x64.tar.gz?AuthParam=1549456255_dca98337f84980021a5fc00d4b6b636d [following]
--2019-02-06 12:28:55--  http://download.oracle.com/otn-pub/java/jdk/8u201-b09/42970487e3af4f5aa5bca3f542482c60/jdk-8u201-linux-x64.tar.gz?AuthParam=1549456255_dca98337f84980021a5fc00d4b6b636d
Connecting to download.oracle.com (download.oracle.com)|23.55.126.151|:80... connected.
HTTP request sent, awaiting response... 301 Moved Permanently
Location: https://download.oracle.com/otn-pub/java/jdk/8u201-b09/42970487e3af4f5aa5bca3f542482c60/jdk-8u201-linux-x64.tar.gz?AuthParam=1549456255_dca98337f84980021a5fc00d4b6b636d [following]
--2019-02-06 12:28:55--  https://download.oracle.com/otn-pub/java/jdk/8u201-b09/42970487e3af4f5aa5bca3f542482c60/jdk-8u201-linux-x64.tar.gz?AuthParam=1549456255_dca98337f84980021a5fc00d4b6b636d
Connecting to download.oracle.com (download.oracle.com)|23.55.126.151|:443... connected.
HTTP request sent, awaiting response... 200 OK
Length: 191817140 (183M) [application/x-gzip]
Saving to: ‘jdk-8u201-linux-x64.tar.gz’

     0K ........ ........ ........ ........ ........ ........  1% 19.5M 9s
  3072K ........ ........ ........ ........ ........ ........  3% 40.7M 7s
  6144K ........ ........ ........ ........ ........ ........  4% 48.3M 6s
  9216K ........ ........ ........ ........ ........ ........  6% 28.7M 6s
 12288K ........ ........ ........ ........ ........ ........  8% 10.0M 8s
 15360K ........ ........ ........ ........ ........ ........  9% 45.8M 7s
 18432K ........ ........ ........ ........ ........ ........ 11% 9.00M 8s
 21504K ........ ........ ........ ........ ........ ........ 13% 15.6M 9s
 24576K ........ ........ ........ ........ ........ ........ 14% 9.89M 9s
 27648K ........ ........ ........ ........ ........ ........ 16% 23.5M 9s
 30720K ........ ........ ........ ........ ........ ........ 18% 12.8M 9s
 33792K ........ ........ ........ ........ ........ ........ 19% 40.4M 8s
 36864K ........ ........ ........ ........ ........ ........ 21% 39.9M 8s
 39936K ........ ........ ........ ........ ........ ........ 22% 44.8M 7s
 43008K ........ ........ ........ ........ ........ ........ 24% 13.8M 7s
 46080K ........ ........ ........ ........ ........ ........ 26% 13.2M 7s
 49152K ........ ........ ........ ........ ........ ........ 27% 8.09M 8s
 52224K ........ ........ ........ ........ ........ ........ 29% 62.7M 7s
 55296K ........ ........ ........ ........ ........ ........ 31% 13.3M 7s
 58368K ........ ........ ........ ........ ........ ........ 32% 46.0M 7s
 61440K ........ ........ ........ ........ ........ ........ 34% 27.4M 7s
 64512K ........ ........ ........ ........ ........ ........ 36% 16.0M 6s
 67584K ........ ........ ........ ........ ........ ........ 37% 39.4M 6s
 70656K ........ ........ ........ ........ ........ ........ 39% 55.1M 6s
 73728K ........ ........ ........ ........ ........ ........ 40% 9.11M 6s
 76800K ........ ........ ........ ........ ........ ........ 42% 45.0M 6s
 79872K ........ ........ ........ ........ ........ ........ 44% 34.9M 5s
 82944K ........ ........ ........ ........ ........ ........ 45% 51.7M 5s
 86016K ........ ........ ........ ........ ........ ........ 47% 50.9M 5s
 89088K ........ ........ ........ ........ ........ ........ 49% 36.7M 5s
 92160K ........ ........ ........ ........ ........ ........ 50% 24.7M 4s
 95232K ........ ........ ........ ........ ........ ........ 52% 53.3M 4s
 98304K ........ ........ ........ ........ ........ ........ 54% 44.1M 4s
101376K ........ ........ ........ ........ ........ ........ 55% 45.1M 4s
104448K ........ ........ ........ ........ ........ ........ 57% 40.6M 4s
107520K ........ ........ ........ ........ ........ ........ 59% 34.6M 3s
110592K ........ ........ ........ ........ ........ ........ 60% 37.9M 3s
113664K ........ ........ ........ ........ ........ ........ 62% 52.5M 3s
116736K ........ ........ ........ ........ ........ ........ 63% 32.0M 3s
119808K ........ ........ ........ ........ ........ ........ 65% 33.3M 3s
122880K ........ ........ ........ ........ ........ ........ 67% 30.6M 3s
125952K ........ ........ ........ ........ ........ ........ 68% 43.2M 2s
129024K ........ ........ ........ ........ ........ ........ 70% 14.5M 2s
132096K ........ ........ ........ ........ ........ ........ 72% 32.1M 2s
135168K ........ ........ ........ ........ ........ ........ 73% 40.2M 2s
138240K ........ ........ ........ ........ ........ ........ 75% 45.7M 2s
141312K ........ ........ ........ ........ ........ ........ 77% 38.5M 2s
144384K ........ ........ ........ ........ ........ ........ 78% 33.3M 2s
147456K ........ ........ ........ ........ ........ ........ 80% 17.5M 2s
150528K ........ ........ ........ ........ ........ ........ 81% 14.1M 1s
153600K ........ ........ ........ ........ ........ ........ 83% 43.0M 1s
156672K ........ ........ ........ ........ ........ ........ 85% 38.4M 1s
159744K ........ ........ ........ ........ ........ ........ 86% 42.1M 1s
162816K ........ ........ ........ ........ ........ ........ 88% 23.9M 1s
165888K ........ ........ ........ ........ ........ ........ 90% 31.1M 1s
168960K ........ ........ ........ ........ ........ ........ 91% 18.2M 1s
172032K ........ ........ ........ ........ ........ ........ 93% 18.7M 0s
175104K ........ ........ ........ ........ ........ ........ 95% 21.2M 0s
178176K ........ ........ ........ ........ ........ ........ 96% 15.9M 0s
181248K ........ ........ ........ ........ ........ ........ 98% 13.0M 0s
184320K ........ ........ ........ ........ ........ ......  100% 20.4M=7.9s

2019-02-06 12:29:03 (23.3 MB/s) - ‘jdk-8u201-linux-x64.tar.gz’ saved [191817140/191817140]

Download done.
Removing outdated cached downloads...
update-alternatives: error: no alternatives for java
update-alternatives: using /usr/lib/jvm/java-8-oracle/jre/bin/ControlPanel to provide /usr/bin/ControlPanel (ControlPanel) in auto mode
update-alternatives: using /usr/lib/jvm/java-8-oracle/jre/bin/java to provide /usr/bin/java (java) in auto mode
update-alternatives: using /usr/lib/jvm/java-8-oracle/jre/bin/javaws to provide /usr/bin/javaws (javaws) in auto mode
update-alternatives: using /usr/lib/jvm/java-8-oracle/jre/bin/jcontrol to provide /usr/bin/jcontrol (jcontrol) in auto mode
update-alternatives: using /usr/lib/jvm/java-8-oracle/jre/bin/jjs to provide /usr/bin/jjs (jjs) in auto mode
update-alternatives: using /usr/lib/jvm/java-8-oracle/jre/bin/keytool to provide /usr/bin/keytool (keytool) in auto mode
update-alternatives: using /usr/lib/jvm/java-8-oracle/jre/bin/orbd to provide /usr/bin/orbd (orbd) in auto mode
update-alternatives: using /usr/lib/jvm/java-8-oracle/jre/bin/pack200 to provide /usr/bin/pack200 (pack200) in auto mode
update-alternatives: using /usr/lib/jvm/java-8-oracle/jre/bin/policytool to provide /usr/bin/policytool (policytool) in auto mode
update-alternatives: using /usr/lib/jvm/java-8-oracle/jre/bin/rmid to provide /usr/bin/rmid (rmid) in auto mode
update-alternatives: using /usr/lib/jvm/java-8-oracle/jre/bin/rmiregistry to provide /usr/bin/rmiregistry (rmiregistry) in auto mode
update-alternatives: using /usr/lib/jvm/java-8-oracle/jre/bin/servertool to provide /usr/bin/servertool (servertool) in auto mode
update-alternatives: using /usr/lib/jvm/java-8-oracle/jre/bin/tnameserv to provide /usr/bin/tnameserv (tnameserv) in auto mode
update-alternatives: using /usr/lib/jvm/java-8-oracle/jre/bin/unpack200 to provide /usr/bin/unpack200 (unpack200) in auto mode
update-alternatives: using /usr/lib/jvm/java-8-oracle/jre/lib/jexec to provide /usr/bin/jexec (jexec) in auto mode
update-alternatives: using /usr/lib/jvm/java-8-oracle/bin/appletviewer to provide /usr/bin/appletviewer (appletviewer) in auto mode
update-alternatives: using /usr/lib/jvm/java-8-oracle/bin/extcheck to provide /usr/bin/extcheck (extcheck) in auto mode
update-alternatives: using /usr/lib/jvm/java-8-oracle/bin/idlj to provide /usr/bin/idlj (idlj) in auto mode
update-alternatives: using /usr/lib/jvm/java-8-oracle/bin/jar to provide /usr/bin/jar (jar) in auto mode
update-alternatives: using /usr/lib/jvm/java-8-oracle/bin/jarsigner to provide /usr/bin/jarsigner (jarsigner) in auto mode
update-alternatives: using /usr/lib/jvm/java-8-oracle/bin/javac to provide /usr/bin/javac (javac) in auto mode
update-alternatives: using /usr/lib/jvm/java-8-oracle/bin/javadoc to provide /usr/bin/javadoc (javadoc) in auto mode
update-alternatives: using /usr/lib/jvm/java-8-oracle/bin/javafxpackager to provide /usr/bin/javafxpackager (javafxpackager) in auto mode
update-alternatives: using /usr/lib/jvm/java-8-oracle/bin/javah to provide /usr/bin/javah (javah) in auto mode
update-alternatives: using /usr/lib/jvm/java-8-oracle/bin/javap to provide /usr/bin/javap (javap) in auto mode
update-alternatives: using /usr/lib/jvm/java-8-oracle/bin/javapackager to provide /usr/bin/javapackager (javapackager) in auto mode
update-alternatives: using /usr/lib/jvm/java-8-oracle/bin/jcmd to provide /usr/bin/jcmd (jcmd) in auto mode
update-alternatives: using /usr/lib/jvm/java-8-oracle/bin/jconsole to provide /usr/bin/jconsole (jconsole) in auto mode
update-alternatives: using /usr/lib/jvm/java-8-oracle/bin/jdb to provide /usr/bin/jdb (jdb) in auto mode
update-alternatives: using /usr/lib/jvm/java-8-oracle/bin/jdeps to provide /usr/bin/jdeps (jdeps) in auto mode
update-alternatives: using /usr/lib/jvm/java-8-oracle/bin/jhat to provide /usr/bin/jhat (jhat) in auto mode
update-alternatives: using /usr/lib/jvm/java-8-oracle/bin/jinfo to provide /usr/bin/jinfo (jinfo) in auto mode
update-alternatives: using /usr/lib/jvm/java-8-oracle/bin/jmap to provide /usr/bin/jmap (jmap) in auto mode
update-alternatives: using /usr/lib/jvm/java-8-oracle/bin/jmc to provide /usr/bin/jmc (jmc) in auto mode
update-alternatives: using /usr/lib/jvm/java-8-oracle/bin/jps to provide /usr/bin/jps (jps) in auto mode
update-alternatives: using /usr/lib/jvm/java-8-oracle/bin/jrunscript to provide /usr/bin/jrunscript (jrunscript) in auto mode
update-alternatives: using /usr/lib/jvm/java-8-oracle/bin/jsadebugd to provide /usr/bin/jsadebugd (jsadebugd) in auto mode
update-alternatives: using /usr/lib/jvm/java-8-oracle/bin/jstack to provide /usr/bin/jstack (jstack) in auto mode
update-alternatives: using /usr/lib/jvm/java-8-oracle/bin/jstat to provide /usr/bin/jstat (jstat) in auto mode
update-alternatives: using /usr/lib/jvm/java-8-oracle/bin/jstatd to provide /usr/bin/jstatd (jstatd) in auto mode
update-alternatives: using /usr/lib/jvm/java-8-oracle/bin/jvisualvm to provide /usr/bin/jvisualvm (jvisualvm) in auto mode
update-alternatives: using /usr/lib/jvm/java-8-oracle/bin/native2ascii to provide /usr/bin/native2ascii (native2ascii) in auto mode
update-alternatives: using /usr/lib/jvm/java-8-oracle/bin/rmic to provide /usr/bin/rmic (rmic) in auto mode
update-alternatives: using /usr/lib/jvm/java-8-oracle/bin/schemagen to provide /usr/bin/schemagen (schemagen) in auto mode
update-alternatives: using /usr/lib/jvm/java-8-oracle/bin/serialver to provide /usr/bin/serialver (serialver) in auto mode
update-alternatives: using /usr/lib/jvm/java-8-oracle/bin/wsgen to provide /usr/bin/wsgen (wsgen) in auto mode
update-alternatives: using /usr/lib/jvm/java-8-oracle/bin/wsimport to provide /usr/bin/wsimport (wsimport) in auto mode
update-alternatives: using /usr/lib/jvm/java-8-oracle/bin/xjc to provide /usr/bin/xjc (xjc) in auto mode
update-alternatives: using /usr/lib/jvm/java-8-oracle/jre/lib/amd64/libnpjp2.so to provide /usr/lib/mozilla/plugins/libjavaplugin.so (mozilla-javaplugin.so) in auto mode
Oracle JDK 8 installed

#####Important########
To set Oracle JDK8 as default, install the "oracle-java8-set-default" package.
E.g.: sudo apt install oracle-java8-set-default
On Ubuntu systems, oracle-java8-set-default is most probably installed
automatically with this package.
######################

Selecting previously unselected package oracle-java8-set-default.
(Reading database ... 51559 files and directories currently installed.)
Preparing to unpack .../oracle-java8-set-default_8u201-1~webupd8~1_all.deb ...
Unpacking oracle-java8-set-default (8u201-1~webupd8~1) ...
Selecting previously unselected package gsfonts.
Preparing to unpack .../gsfonts_1%3a8.11+urwcyr1.0.7~pre44-4.2ubuntu1_all.deb ...
Unpacking gsfonts (1:8.11+urwcyr1.0.7~pre44-4.2ubuntu1) ...
Selecting previously unselected package libfontenc1:amd64.
Preparing to unpack .../libfontenc1_1%3a1.1.3-1_amd64.deb ...
Unpacking libfontenc1:amd64 (1:1.1.3-1) ...
Selecting previously unselected package libxfont1:amd64.
Preparing to unpack .../libxfont1_1%3a1.5.1-1ubuntu0.16.04.4_amd64.deb ...
Unpacking libxfont1:amd64 (1:1.5.1-1ubuntu0.16.04.4) ...
Selecting previously unselected package x11-common.
Preparing to unpack .../x11-common_1%3a7.7+13ubuntu3.1_all.deb ...
dpkg-query: no packages found matching nux-tools
Unpacking x11-common (1:7.7+13ubuntu3.1) ...
Selecting previously unselected package xfonts-encodings.
Preparing to unpack .../xfonts-encodings_1%3a1.0.4-2_all.deb ...
Unpacking xfonts-encodings (1:1.0.4-2) ...
Selecting previously unselected package xfonts-utils.
Preparing to unpack .../xfonts-utils_1%3a7.7+3ubuntu0.16.04.2_amd64.deb ...
Unpacking xfonts-utils (1:7.7+3ubuntu0.16.04.2) ...
Selecting previously unselected package gsfonts-x11.
Preparing to unpack .../gsfonts-x11_0.24_all.deb ...
Unpacking gsfonts-x11 (0.24) ...
Processing triggers for libc-bin (2.23-0ubuntu10) ...
Processing triggers for man-db (2.7.5-1) ...
Processing triggers for systemd (229-4ubuntu21.8) ...
Processing triggers for ureadahead (0.100.0-19) ...
Setting up oracle-java8-set-default (8u201-1~webupd8~1) ...
Setting up gsfonts (1:8.11+urwcyr1.0.7~pre44-4.2ubuntu1) ...
Setting up libfontenc1:amd64 (1:1.1.3-1) ...
Setting up libxfont1:amd64 (1:1.5.1-1ubuntu0.16.04.4) ...
Setting up x11-common (1:7.7+13ubuntu3.1) ...
update-rc.d: warning: start and stop actions are no longer supported; falling back to defaults
Setting up xfonts-encodings (1:1.0.4-2) ...
Setting up xfonts-utils (1:7.7+3ubuntu0.16.04.2) ...
Setting up gsfonts-x11 (0.24) ...
Processing triggers for libc-bin (2.23-0ubuntu10) ...
Processing triggers for systemd (229-4ubuntu21.8) ...
Processing triggers for ureadahead (0.100.0-19) ...
root@ip-172-31-34-138:~# cat>>/etc/environment
JAVA_HOME="/usr/lib/jvm/java-8-oracle"
root@ip-172-31-34-138:~# source /etc/environment
root@ip-172-31-34-138:~# echo $JAVA_HOME
/usr/lib/jvm/java-8-oracle
root@ip-172-31-34-138:~# cd /opt/
root@ip-172-31-34-138:/opt# wget https://binaries.sonarsource.com/Distribution/sonarqube/sonarqube-6.7.6.zip
--2019-02-06 12:30:43--  https://binaries.sonarsource.com/Distribution/sonarqube/sonarqube-6.7.6.zip
Resolving binaries.sonarsource.com (binaries.sonarsource.com)... 91.134.125.245
Connecting to binaries.sonarsource.com (binaries.sonarsource.com)|91.134.125.245|:443... connected.
HTTP request sent, awaiting response... 200 OK
Length: 159610886 (152M) [application/zip]
Saving to: ‘sonarqube-6.7.6.zip’

sonarqube-6.7.6.zip    100%[===========================>] 152.22M  17.1MB/s    in 9.4s

2019-02-06 12:30:54 (16.1 MB/s) - ‘sonarqube-6.7.6.zip’ saved [159610886/159610886]

root@ip-172-31-34-138:/opt# top
top - 12:32:11 up 9 min,  1 user,  load average: 0.02, 0.08, 0.06
Tasks: 110 total,   1 running, 109 sleeping,   0 stopped,   0 zombie
%Cpu(s):  0.0 us,  0.0 sy,  0.0 ni,100.0 id,  0.0 wa,  0.0 hi,  0.0 si,  0.0 st
KiB Mem :  2046684 total,   552504 free,    61860 used,  1432320 buff/cache
KiB Swap:        0 total,        0 free,        0 used.  1799296 avail Mem

  PID USER      PR  NI    VIRT    RES    SHR S %CPU %MEM     TIME+ COMMAND
 4302 root      20   0   40492   3704   3136 R  0.3  0.2   0:00.01 top
    1 root      20   0   37780   5792   3972 S  0.0  0.3   0:03.22 systemd
    2 root      20   0       0      0      0 S  0.0  0.0   0:00.00 kthreadd
    3 root      20   0       0      0      0 S  0.0  0.0   0:00.08 ksoftirqd/0
    4 root      20   0       0      0      0 S  0.0  0.0   0:00.00 kworker/0:0
    5 root       0 -20       0      0      0 S  0.0  0.0   0:00.00 kworker/0:0H
    6 root      20   0       0      0      0 S  0.0  0.0   0:00.01 kworker/u30:0
    7 root      20   0       0      0      0 S  0.0  0.0   0:00.22 rcu_sched
    8 root      20   0       0      0      0 S  0.0  0.0   0:00.00 rcu_bh
    9 root      rt   0       0      0      0 S  0.0  0.0   0:00.00 migration/0
   10 root      rt   0       0      0      0 S  0.0  0.0   0:00.00 watchdog/0
   11 root      20   0       0      0      0 S  0.0  0.0   0:00.00 kdevtmpfs
   12 root       0 -20       0      0      0 S  0.0  0.0   0:00.00 netns
   13 root       0 -20       0      0      0 S  0.0  0.0   0:00.00 perf
   14 root      20   0       0      0      0 S  0.0  0.0   0:00.01 xenwatch
   15 root      20   0       0      0      0 S  0.0  0.0   0:00.00 xenbus
   17 root      20   0       0      0      0 S  0.0  0.0   0:00.00 khungtaskd
   18 root       0 -20       0      0      0 S  0.0  0.0   0:00.00 writeback
   19 root      25   5       0      0      0 S  0.0  0.0   0:00.00 ksmd
   20 root      39  19       0      0      0 S  0.0  0.0   0:00.00 khugepaged
root@ip-172-31-34-138:/opt# ls
sonarqube-6.7.6.zip
root@ip-172-31-34-138:/opt# unzip sonarqube-6.7.6.zip
The program 'unzip' is currently not installed. You can install it by typing:
apt install unzip
root@ip-172-31-34-138:/opt# apt install unzip
Reading package lists... Done
Building dependency tree
Reading state information... Done
Suggested packages:
  zip
The following NEW packages will be installed:
  unzip
0 upgraded, 1 newly installed, 0 to remove and 55 not upgraded.
Need to get 158 kB of archives.
After this operation, 530 kB of additional disk space will be used.
Get:1 http://us-east-1.ec2.archive.ubuntu.com/ubuntu xenial/main amd64 unzip amd64 6.0-20ubuntu1 [158 kB]
Fetched 158 kB in 0s (12.6 MB/s)
Selecting previously unselected package unzip.
(Reading database ... 51864 files and directories currently installed.)
Preparing to unpack .../unzip_6.0-20ubuntu1_amd64.deb ...
Unpacking unzip (6.0-20ubuntu1) ...
Processing triggers for mime-support (3.59ubuntu1) ...
Processing triggers for man-db (2.7.5-1) ...
Setting up unzip (6.0-20ubuntu1) ...
root@ip-172-31-34-138:/opt# unzip sonarqube-6.7.6.zip
Archive:  sonarqube-6.7.6.zip
   creating: sonarqube-6.7.6/
   creating: sonarqube-6.7.6/lib/
   creating: sonarqube-6.7.6/lib/common/
   creating: sonarqube-6.7.6/bin/
   creating: sonarqube-6.7.6/bin/macosx-universal-64/
   creating: sonarqube-6.7.6/bin/macosx-universal-64/lib/
   creating: sonarqube-6.7.6/bin/linux-x86-64/
   creating: sonarqube-6.7.6/bin/linux-x86-64/lib/
   creating: sonarqube-6.7.6/bin/linux-x86-32/
   creating: sonarqube-6.7.6/bin/linux-x86-32/lib/
   creating: sonarqube-6.7.6/bin/windows-x86-32/
   creating: sonarqube-6.7.6/bin/windows-x86-32/lib/
   creating: sonarqube-6.7.6/bin/windows-x86-64/
   creating: sonarqube-6.7.6/bin/windows-x86-64/lib/
   creating: sonarqube-6.7.6/elasticsearch/
   creating: sonarqube-6.7.6/elasticsearch/bin/
   creating: sonarqube-6.7.6/conf/
   creating: sonarqube-6.7.6/extensions/
   creating: sonarqube-6.7.6/extensions/plugins/
   creating: sonarqube-6.7.6/extensions/jdbc-driver/
   creating: sonarqube-6.7.6/extensions/jdbc-driver/oracle/
   creating: sonarqube-6.7.6/temp/
   creating: sonarqube-6.7.6/data/
   creating: sonarqube-6.7.6/bin/jsw-license/
   creating: sonarqube-6.7.6/elasticsearch/modules/
   creating: sonarqube-6.7.6/elasticsearch/modules/ingest-common/
   creating: sonarqube-6.7.6/elasticsearch/modules/transport-netty4/
   creating: sonarqube-6.7.6/elasticsearch/modules/parent-join/
   creating: sonarqube-6.7.6/elasticsearch/modules/reindex/
   creating: sonarqube-6.7.6/elasticsearch/modules/aggs-matrix-stats/
   creating: sonarqube-6.7.6/elasticsearch/modules/percolator/
   creating: sonarqube-6.7.6/elasticsearch/lib/
   creating: sonarqube-6.7.6/elasticsearch/config/
   creating: sonarqube-6.7.6/logs/
   creating: sonarqube-6.7.6/elasticsearch/plugins/
   creating: sonarqube-6.7.6/lib/jsw/
   creating: sonarqube-6.7.6/lib/server/
   creating: sonarqube-6.7.6/lib/ce/
   creating: sonarqube-6.7.6/lib/scanner/
   creating: sonarqube-6.7.6/lib/bundled-plugins/
   creating: sonarqube-6.7.6/web/
   creating: sonarqube-6.7.6/web/META-INF/
   creating: sonarqube-6.7.6/web/src/
   creating: sonarqube-6.7.6/web/src/main/
   creating: sonarqube-6.7.6/web/src/main/js/
   creating: sonarqube-6.7.6/web/src/main/js/app/
   creating: sonarqube-6.7.6/web/src/main/js/app/components/
   creating: sonarqube-6.7.6/web/src/main/webapp/
   creating: sonarqube-6.7.6/web/src/main/webapp/images/
   creating: sonarqube-6.7.6/web/META-INF/maven/
   creating: sonarqube-6.7.6/web/META-INF/maven/com.sonarsource/
   creating: sonarqube-6.7.6/web/META-INF/maven/com.sonarsource/sonarsource-branding/
   creating: sonarqube-6.7.6/web/WEB-INF/
   creating: sonarqube-6.7.6/web/WEB-INF/classes/
   creating: sonarqube-6.7.6/web/WEB-INF/classes/com/
   creating: sonarqube-6.7.6/web/WEB-INF/classes/com/sonarsource/
   creating: sonarqube-6.7.6/web/fonts/
   creating: sonarqube-6.7.6/web/images/
   creating: sonarqube-6.7.6/web/images/scanner-logos/
   creating: sonarqube-6.7.6/web/js/
   creating: sonarqube-6.7.6/web/css/
   creating: sonarqube-6.7.6/web/META-INF/maven/org.sonarsource.sonarqube/
   creating: sonarqube-6.7.6/web/META-INF/maven/org.sonarsource.sonarqube/sonar-web/
   creating: sonarqube-6.7.6/lib/jdbc/
   creating: sonarqube-6.7.6/lib/jdbc/mssql/
   creating: sonarqube-6.7.6/lib/jdbc/mysql/
   creating: sonarqube-6.7.6/lib/jdbc/postgresql/
   creating: sonarqube-6.7.6/lib/jdbc/h2/
  inflating: sonarqube-6.7.6/web/META-INF/MANIFEST.MF
  inflating: sonarqube-6.7.6/web/src/main/js/app/components/GlobalFooterBranding.js
  inflating: sonarqube-6.7.6/web/robots.txt
  inflating: sonarqube-6.7.6/web/.htaccess
  inflating: sonarqube-6.7.6/web/apple-touch-icon-120x120.png
  inflating: sonarqube-6.7.6/web/js/3.fab59ed4.chunk.js
  inflating: sonarqube-6.7.6/web/js/5.076bb6d1.chunk.js
  inflating: sonarqube-6.7.6/web/js/7.299b4bee.chunk.js
  inflating: sonarqube-6.7.6/web/js/9.38b4751c.chunk.js
  inflating: sonarqube-6.7.6/web/js/11.d51bfadd.chunk.js
  inflating: sonarqube-6.7.6/web/js/13.ed441df2.chunk.js
  inflating: sonarqube-6.7.6/web/js/15.9dfb824d.chunk.js
  inflating: sonarqube-6.7.6/web/js/17.3720a8fa.chunk.js
  inflating: sonarqube-6.7.6/web/js/19.e909fd3f.chunk.js
  inflating: sonarqube-6.7.6/web/js/21.dc6bb2f9.chunk.js
  inflating: sonarqube-6.7.6/web/js/22.012ef223.chunk.js
  inflating: sonarqube-6.7.6/web/js/25.2dc853f9.chunk.js
  inflating: sonarqube-6.7.6/web/js/27.618e5d53.chunk.js
  inflating: sonarqube-6.7.6/web/js/29.921cbe76.chunk.js
  inflating: sonarqube-6.7.6/web/js/31.8a7cb6c5.chunk.js
  inflating: sonarqube-6.7.6/web/js/32.9f0698dc.chunk.js
  inflating: sonarqube-6.7.6/web/js/35.d090ddd2.chunk.js
  inflating: sonarqube-6.7.6/web/js/37.3ddbe747.chunk.js
  inflating: sonarqube-6.7.6/web/js/39.978485c1.chunk.js
  inflating: sonarqube-6.7.6/web/js/41.12a81d3c.chunk.js
  inflating: sonarqube-6.7.6/web/js/43.2af755aa.chunk.js
  inflating: sonarqube-6.7.6/web/js/52.a39a7aaa.chunk.js
  inflating: sonarqube-6.7.6/web/js/54.6c94f040.chunk.js
  inflating: sonarqube-6.7.6/web/js/56.241e4676.chunk.js
  inflating: sonarqube-6.7.6/web/js/58.8f42db19.chunk.js
  inflating: sonarqube-6.7.6/web/js/60.eee5f561.chunk.js
  inflating: sonarqube-6.7.6/web/js/61.f4335f14.chunk.js
  inflating: sonarqube-6.7.6/web/js/63.72851e47.chunk.js
  inflating: sonarqube-6.7.6/web/js/65.c2e0c78a.chunk.js
  inflating: sonarqube-6.7.6/web/js/67.ab72a29d.chunk.js
  inflating: sonarqube-6.7.6/web/js/69.c7a1a484.chunk.js
  inflating: sonarqube-6.7.6/web/js/71.6967aa6d.chunk.js
  inflating: sonarqube-6.7.6/web/js/73.a0345551.chunk.js
  inflating: sonarqube-6.7.6/web/js/75.35ad7c63.chunk.js
  inflating: sonarqube-6.7.6/web/js/78.76f47b09.chunk.js
  inflating: sonarqube-6.7.6/web/js/79.d2273a23.chunk.js
  inflating: sonarqube-6.7.6/web/js/81.b83a35bb.chunk.js
  inflating: sonarqube-6.7.6/web/js/83.7ed4d307.chunk.js
  inflating: sonarqube-6.7.6/web/js/85.81ee0315.chunk.js
  inflating: sonarqube-6.7.6/web/js/87.ef969445.chunk.js
  inflating: sonarqube-6.7.6/web/js/89.d4dfb79d.chunk.js
  inflating: sonarqube-6.7.6/web/js/91.fc64d24c.chunk.js
  inflating: sonarqube-6.7.6/web/js/156.b104db10.chunk.js
  inflating: sonarqube-6.7.6/web/js/158.c5407a66.chunk.js
  inflating: sonarqube-6.7.6/web/js/160.6c94f065.chunk.js
  inflating: sonarqube-6.7.6/web/js/163.ce8f3177.chunk.js
  inflating: sonarqube-6.7.6/web/js/165.a8e3636e.chunk.js
  inflating: sonarqube-6.7.6/web/js/167.a4dcc61a.chunk.js
  inflating: sonarqube-6.7.6/web/js/169.74bafdee.chunk.js
  inflating: sonarqube-6.7.6/web/js/172.56fd4846.chunk.js
  inflating: sonarqube-6.7.6/web/js/174.120cf625.chunk.js
  inflating: sonarqube-6.7.6/web/js/176.43ec5654.chunk.js
  inflating: sonarqube-6.7.6/web/js/178.86ae928b.chunk.js
  inflating: sonarqube-6.7.6/web/js/180.bae974c4.chunk.js
  inflating: sonarqube-6.7.6/web/js/182.9ed04744.chunk.js
  inflating: sonarqube-6.7.6/web/js/185.2f0db85f.chunk.js
  inflating: sonarqube-6.7.6/web/js/187.8d5f56bc.chunk.js
  inflating: sonarqube-6.7.6/web/js/190.59d28ed1.chunk.js
  inflating: sonarqube-6.7.6/web/js/192.d39c198a.chunk.js
  inflating: sonarqube-6.7.6/web/js/193.1a451b5b.chunk.js
  inflating: sonarqube-6.7.6/web/js/195.e330d0cb.chunk.js
  inflating: sonarqube-6.7.6/web/js/198.22287e7a.chunk.js
  inflating: sonarqube-6.7.6/web/js/199.df681237.chunk.js
  inflating: sonarqube-6.7.6/web/js/201.aeb57798.chunk.js
  inflating: sonarqube-6.7.6/web/js/204.4dfaa05e.chunk.js
  inflating: sonarqube-6.7.6/web/js/206.4a04f9d8.chunk.js
  inflating: sonarqube-6.7.6/web/js/208.d486e717.chunk.js
  inflating: sonarqube-6.7.6/web/js/211.00b71e29.chunk.js
  inflating: sonarqube-6.7.6/web/js/213.1f00b19b.chunk.js
  inflating: sonarqube-6.7.6/web/js/215.e96b8c42.chunk.js
  inflating: sonarqube-6.7.6/web/js/216.a0706a56.chunk.js
  inflating: sonarqube-6.7.6/web/js/218.3a31dd4c.chunk.js
  inflating: sonarqube-6.7.6/web/js/221.9801125b.chunk.js
  inflating: sonarqube-6.7.6/web/js/223.59713040.chunk.js
  inflating: sonarqube-6.7.6/web/js/225.a94e605c.chunk.js
  inflating: sonarqube-6.7.6/web/js/227.77a3c7bb.chunk.js
  inflating: sonarqube-6.7.6/web/js/228.c892df9e.chunk.js
  inflating: sonarqube-6.7.6/web/js/230.3fafcf2d.chunk.js
  inflating: sonarqube-6.7.6/web/js/233.151aa2e7.chunk.js
  inflating: sonarqube-6.7.6/web/js/235.43f5dcfa.chunk.js
  inflating: sonarqube-6.7.6/web/js/0.65b6d563.chunk.js.map
  inflating: sonarqube-6.7.6/web/js/1.5648eb5b.chunk.js.map
  inflating: sonarqube-6.7.6/web/js/26.a6bc9c25.chunk.js.map
  inflating: sonarqube-6.7.6/web/js/27.618e5d53.chunk.js.map
  inflating: sonarqube-6.7.6/web/js/28.214b8656.chunk.js.map
  inflating: sonarqube-6.7.6/web/js/29.921cbe76.chunk.js.map
  inflating: sonarqube-6.7.6/web/js/30.0aeaea95.chunk.js.map
  inflating: sonarqube-6.7.6/web/js/31.8a7cb6c5.chunk.js.map
  inflating: sonarqube-6.7.6/web/js/32.9f0698dc.chunk.js.map
  inflating: sonarqube-6.7.6/web/js/33.fe821895.chunk.js.map
  inflating: sonarqube-6.7.6/web/js/34.d10fd8b1.chunk.js.map
  inflating: sonarqube-6.7.6/web/js/35.d090ddd2.chunk.js.map
  inflating: sonarqube-6.7.6/web/js/36.0e8a69f6.chunk.js.map
  inflating: sonarqube-6.7.6/web/js/37.3ddbe747.chunk.js.map
  inflating: sonarqube-6.7.6/web/js/38.897e2689.chunk.js.map
  inflating: sonarqube-6.7.6/web/js/39.978485c1.chunk.js.map
  inflating: sonarqube-6.7.6/web/js/40.36e23877.chunk.js.map
  inflating: sonarqube-6.7.6/web/js/41.12a81d3c.chunk.js.map
  inflating: sonarqube-6.7.6/web/js/42.dd7ce10a.chunk.js.map
  inflating: sonarqube-6.7.6/web/js/43.2af755aa.chunk.js.map
  inflating: sonarqube-6.7.6/web/js/44.68f7c38b.chunk.js.map
  inflating: sonarqube-6.7.6/web/js/45.298aefc6.chunk.js.map
  inflating: sonarqube-6.7.6/web/js/46.ee5ad4ee.chunk.js.map
  inflating: sonarqube-6.7.6/web/js/47.6b456b6f.chunk.js.map
  inflating: sonarqube-6.7.6/web/js/48.4def6464.chunk.js.map
  inflating: sonarqube-6.7.6/web/js/49.96c960b2.chunk.js.map
  inflating: sonarqube-6.7.6/web/js/50.b678391f.chunk.js.map
  inflating: sonarqube-6.7.6/web/js/51.eb77c8eb.chunk.js.map
  inflating: sonarqube-6.7.6/web/js/52.a39a7aaa.chunk.js.map
  inflating: sonarqube-6.7.6/web/js/53.372154a2.chunk.js.map
  inflating: sonarqube-6.7.6/web/js/54.6c94f040.chunk.js.map
  inflating: sonarqube-6.7.6/web/js/55.776746b2.chunk.js.map
  inflating: sonarqube-6.7.6/web/js/56.241e4676.chunk.js.map
  inflating: sonarqube-6.7.6/web/js/57.861ba649.chunk.js.map
  inflating: sonarqube-6.7.6/web/js/58.8f42db19.chunk.js.map
  inflating: sonarqube-6.7.6/web/js/59.c08a3a46.chunk.js.map
  inflating: sonarqube-6.7.6/web/js/60.eee5f561.chunk.js.map
  inflating: sonarqube-6.7.6/web/js/61.f4335f14.chunk.js.map
  inflating: sonarqube-6.7.6/web/js/62.4eef70fc.chunk.js.map
  inflating: sonarqube-6.7.6/web/js/63.72851e47.chunk.js.map
  inflating: sonarqube-6.7.6/web/js/64.be54d415.chunk.js.map
  inflating: sonarqube-6.7.6/web/js/65.c2e0c78a.chunk.js.map
  inflating: sonarqube-6.7.6/web/js/66.73b9b4f6.chunk.js.map
  inflating: sonarqube-6.7.6/web/js/67.ab72a29d.chunk.js.map
  inflating: sonarqube-6.7.6/web/js/68.a81cdb85.chunk.js.map
  inflating: sonarqube-6.7.6/web/js/69.c7a1a484.chunk.js.map
  inflating: sonarqube-6.7.6/web/js/70.cab53312.chunk.js.map
  inflating: sonarqube-6.7.6/web/js/71.6967aa6d.chunk.js.map
  inflating: sonarqube-6.7.6/web/js/72.39411cef.chunk.js.map
  inflating: sonarqube-6.7.6/web/js/73.a0345551.chunk.js.map
  inflating: sonarqube-6.7.6/web/js/74.d2523541.chunk.js.map
  inflating: sonarqube-6.7.6/web/js/75.35ad7c63.chunk.js.map
  inflating: sonarqube-6.7.6/web/js/76.d8cc8a97.chunk.js.map
  inflating: sonarqube-6.7.6/web/js/77.73d4b73a.chunk.js.map
  inflating: sonarqube-6.7.6/web/js/78.76f47b09.chunk.js.map
  inflating: sonarqube-6.7.6/web/js/79.d2273a23.chunk.js.map
  inflating: sonarqube-6.7.6/web/js/80.9371e8a9.chunk.js.map
  inflating: sonarqube-6.7.6/web/js/81.b83a35bb.chunk.js.map
  inflating: sonarqube-6.7.6/web/js/82.71824896.chunk.js.map
  inflating: sonarqube-6.7.6/web/js/83.7ed4d307.chunk.js.map
  inflating: sonarqube-6.7.6/web/js/84.1950451c.chunk.js.map
  inflating: sonarqube-6.7.6/web/js/85.81ee0315.chunk.js.map
  inflating: sonarqube-6.7.6/web/js/86.4556b62a.chunk.js.map
  inflating: sonarqube-6.7.6/web/js/87.ef969445.chunk.js.map
  inflating: sonarqube-6.7.6/web/js/145.eb7e5d31.chunk.js.map
  inflating: sonarqube-6.7.6/web/js/147.f18bc4ef.chunk.js.map
  inflating: sonarqube-6.7.6/web/js/149.33b30dfa.chunk.js.map
  inflating: sonarqube-6.7.6/web/js/151.ea5b99dc.chunk.js.map
  inflating: sonarqube-6.7.6/web/js/153.b45eb236.chunk.js.map
  inflating: sonarqube-6.7.6/web/js/172.56fd4846.chunk.js.map
  inflating: sonarqube-6.7.6/web/js/174.120cf625.chunk.js.map
  inflating: sonarqube-6.7.6/web/js/175.67b131c8.chunk.js.map
  inflating: sonarqube-6.7.6/web/js/176.43ec5654.chunk.js.map
  inflating: sonarqube-6.7.6/web/js/177.93dcb1f3.chunk.js.map
  inflating: sonarqube-6.7.6/web/js/178.86ae928b.chunk.js.map
  inflating: sonarqube-6.7.6/web/js/179.24b71709.chunk.js.map
  inflating: sonarqube-6.7.6/web/js/180.bae974c4.chunk.js.map
  inflating: sonarqube-6.7.6/web/js/181.416bbbdf.chunk.js.map
  inflating: sonarqube-6.7.6/web/js/182.9ed04744.chunk.js.map
  inflating: sonarqube-6.7.6/web/js/183.d9991578.chunk.js.map
  inflating: sonarqube-6.7.6/web/js/184.cfa90fc6.chunk.js.map
  inflating: sonarqube-6.7.6/web/js/185.2f0db85f.chunk.js.map
  inflating: sonarqube-6.7.6/web/js/186.64257b14.chunk.js.map
  inflating: sonarqube-6.7.6/web/js/187.8d5f56bc.chunk.js.map
  inflating: sonarqube-6.7.6/web/js/188.59a6387e.chunk.js.map
  inflating: sonarqube-6.7.6/web/js/189.5a4aa447.chunk.js.map
  inflating: sonarqube-6.7.6/web/js/190.59d28ed1.chunk.js.map
  inflating: sonarqube-6.7.6/web/js/191.51b597c3.chunk.js.map
  inflating: sonarqube-6.7.6/web/js/192.d39c198a.chunk.js.map
  inflating: sonarqube-6.7.6/web/js/193.1a451b5b.chunk.js.map
  inflating: sonarqube-6.7.6/web/js/194.b80037fb.chunk.js.map
  inflating: sonarqube-6.7.6/web/js/195.e330d0cb.chunk.js.map
  inflating: sonarqube-6.7.6/web/js/196.1b5fe87b.chunk.js.map
  inflating: sonarqube-6.7.6/web/js/197.8f52c24f.chunk.js.map
  inflating: sonarqube-6.7.6/web/js/198.22287e7a.chunk.js.map
  inflating: sonarqube-6.7.6/web/js/199.df681237.chunk.js.map
  inflating: sonarqube-6.7.6/web/js/200.17d6bbbd.chunk.js.map
  inflating: sonarqube-6.7.6/web/js/201.aeb57798.chunk.js.map
  inflating: sonarqube-6.7.6/web/js/202.08028c9b.chunk.js.map
  inflating: sonarqube-6.7.6/web/js/203.7ee91e94.chunk.js.map
  inflating: sonarqube-6.7.6/web/js/204.4dfaa05e.chunk.js.map
  inflating: sonarqube-6.7.6/web/js/205.cdcb0571.chunk.js.map
  inflating: sonarqube-6.7.6/web/js/206.4a04f9d8.chunk.js.map
  inflating: sonarqube-6.7.6/web/js/207.e1e0715d.chunk.js.map
  inflating: sonarqube-6.7.6/web/js/208.d486e717.chunk.js.map
  inflating: sonarqube-6.7.6/web/js/209.8340964f.chunk.js.map
  inflating: sonarqube-6.7.6/web/js/210.d156e1fc.chunk.js.map
  inflating: sonarqube-6.7.6/web/js/211.00b71e29.chunk.js.map
  inflating: sonarqube-6.7.6/web/js/212.9be2971f.chunk.js.map
  inflating: sonarqube-6.7.6/web/js/213.1f00b19b.chunk.js.map
  inflating: sonarqube-6.7.6/web/js/214.60a69d65.chunk.js.map
  inflating: sonarqube-6.7.6/web/js/215.e96b8c42.chunk.js.map
  inflating: sonarqube-6.7.6/web/js/216.a0706a56.chunk.js.map
  inflating: sonarqube-6.7.6/web/js/217.d94d3e09.chunk.js.map
  inflating: sonarqube-6.7.6/web/js/221.9801125b.chunk.js.map
  inflating: sonarqube-6.7.6/web/js/222.347b6392.chunk.js.map
  inflating: sonarqube-6.7.6/web/js/223.59713040.chunk.js.map
  inflating: sonarqube-6.7.6/web/js/224.3bd6e8ef.chunk.js.map
  inflating: sonarqube-6.7.6/web/js/225.a94e605c.chunk.js.map
  inflating: sonarqube-6.7.6/web/js/227.77a3c7bb.chunk.js.map
  inflating: sonarqube-6.7.6/web/js/228.c892df9e.chunk.js.map
  inflating: sonarqube-6.7.6/web/js/230.3fafcf2d.chunk.js.map
  inflating: sonarqube-6.7.6/web/js/233.151aa2e7.chunk.js.map
  inflating: sonarqube-6.7.6/web/js/235.43f5dcfa.chunk.js.map
  inflating: sonarqube-6.7.6/web/js/243.22510a9b.chunk.js.map
  inflating: sonarqube-6.7.6/web/js/248.99897e27.chunk.js.map
  inflating: sonarqube-6.7.6/web/js/249.1b402237.chunk.js.map
  inflating: sonarqube-6.7.6/web/js/251.f8a590b7.chunk.js.map
  inflating: sonarqube-6.7.6/web/js/253.fa75cf74.chunk.js.map
  inflating: sonarqube-6.7.6/web/js/255.c90bfed4.chunk.js.map
  inflating: sonarqube-6.7.6/web/js/257.91684c57.chunk.js.map
  inflating: sonarqube-6.7.6/web/js/259.ad744d5c.chunk.js.map
  inflating: sonarqube-6.7.6/web/js/261.6975b132.chunk.js.map
  inflating: sonarqube-6.7.6/web/js/263.05d65cbf.chunk.js.map
  inflating: sonarqube-6.7.6/web/js/266.dabeed39.chunk.js.map
  inflating: sonarqube-6.7.6/web/js/268.a2db9399.chunk.js.map
  inflating: sonarqube-6.7.6/web/js/269.9c1f65f0.chunk.js.map
  inflating: sonarqube-6.7.6/web/js/271.558c6e02.chunk.js.map
  inflating: sonarqube-6.7.6/web/js/273.35a1be39.chunk.js.map
  inflating: sonarqube-6.7.6/web/js/275.f3ba00a4.chunk.js.map
  inflating: sonarqube-6.7.6/web/js/276.47a6b528.chunk.js.map
  inflating: sonarqube-6.7.6/web/js/277.c254f90b.chunk.js.map
  inflating: sonarqube-6.7.6/web/js/278.0ed03a81.chunk.js.map
  inflating: sonarqube-6.7.6/web/js/279.90dd9b94.chunk.js.map
  inflating: sonarqube-6.7.6/web/js/280.cb89a2ee.chunk.js.map
  inflating: sonarqube-6.7.6/web/js/app.9b56e4b1.js.map
  inflating: sonarqube-6.7.6/web/src/main/webapp/images/logo.svg
  inflating: sonarqube-6.7.6/web/apple-touch-icon-57x57.png
  inflating: sonarqube-6.7.6/web/apple-touch-icon-180x180.png
  inflating: sonarqube-6.7.6/web/apple-touch-icon-60x60.png
  inflating: sonarqube-6.7.6/web/favicon.ico
  inflating: sonarqube-6.7.6/web/index.html
  inflating: sonarqube-6.7.6/web/META-INF/maven/com.sonarsource/sonarsource-branding/pom.xml
  inflating: sonarqube-6.7.6/web/fonts/sonar-5.2.woff
  inflating: sonarqube-6.7.6/web/fonts/sonar-5.2.ttf
  inflating: sonarqube-6.7.6/web/images/logo.svg
  inflating: sonarqube-6.7.6/web/images/select2.png
  inflating: sonarqube-6.7.6/web/images/loading.gif
  inflating: sonarqube-6.7.6/web/images/select2x2.png
  inflating: sonarqube-6.7.6/web/images/scanner-logos/msbuild.svg
  inflating: sonarqube-6.7.6/web/images/scanner-logos/maven.svg
  inflating: sonarqube-6.7.6/web/images/scanner-logos/jenkins.svg
  inflating: sonarqube-6.7.6/web/images/scanner-logos/sonarqube.svg
  inflating: sonarqube-6.7.6/web/images/scanner-logos/ant.svg
  inflating: sonarqube-6.7.6/web/js/1.5648eb5b.chunk.js
  inflating: sonarqube-6.7.6/web/js/237.d24591c3.chunk.js
  inflating: sonarqube-6.7.6/web/js/238.b37380a8.chunk.js
  inflating: sonarqube-6.7.6/web/js/239.de87b0aa.chunk.js
  inflating: sonarqube-6.7.6/web/js/vendor.1a4350d0.js
  inflating: sonarqube-6.7.6/web/js/241.abf924f5.chunk.js.map
  inflating: sonarqube-6.7.6/web/js/244.1c7af17a.chunk.js.map
  inflating: sonarqube-6.7.6/web/js/247.9ef0e705.chunk.js.map
  inflating: sonarqube-6.7.6/web/js/252.623af49e.chunk.js.map
  inflating: sonarqube-6.7.6/web/js/254.7104cf95.chunk.js.map
  inflating: sonarqube-6.7.6/web/js/258.15ca7660.chunk.js.map
  inflating: sonarqube-6.7.6/web/js/262.166cedeb.chunk.js.map
  inflating: sonarqube-6.7.6/web/js/265.cb54965a.chunk.js.map
  inflating: sonarqube-6.7.6/web/js/267.a2e103ee.chunk.js.map
  inflating: sonarqube-6.7.6/web/js/270.7af7c8a1.chunk.js.map
  inflating: sonarqube-6.7.6/web/js/272.5a2a036e.chunk.js.map
  inflating: sonarqube-6.7.6/web/js/274.e06a0df2.chunk.js.map
  inflating: sonarqube-6.7.6/web/apple-touch-icon-72x72.png
  inflating: sonarqube-6.7.6/web/apple-touch-icon-76x76.png
  inflating: sonarqube-6.7.6/web/mstile-512x512.png
  inflating: sonarqube-6.7.6/web/apple-touch-icon-precomposed.png
  inflating: sonarqube-6.7.6/web/apple-touch-icon-152x152.png
  inflating: sonarqube-6.7.6/web/apple-touch-icon-114x114.png
  inflating: sonarqube-6.7.6/web/META-INF/maven/com.sonarsource/sonarsource-branding/pom.properties
  inflating: sonarqube-6.7.6/web/WEB-INF/classes/com/sonarsource/branding
  inflating: sonarqube-6.7.6/web/WEB-INF/web.xml
  inflating: sonarqube-6.7.6/web/fonts/sonar-5.2.eot
  inflating: sonarqube-6.7.6/web/fonts/sonar-5.2.svg
  inflating: sonarqube-6.7.6/web/images/scanner-logos/gradle.svg
  inflating: sonarqube-6.7.6/web/js/0.65b6d563.chunk.js
  inflating: sonarqube-6.7.6/web/js/72.39411cef.chunk.js
  inflating: sonarqube-6.7.6/web/js/74.d2523541.chunk.js
  inflating: sonarqube-6.7.6/web/js/76.d8cc8a97.chunk.js
  inflating: sonarqube-6.7.6/web/js/77.73d4b73a.chunk.js
  inflating: sonarqube-6.7.6/web/js/80.9371e8a9.chunk.js
  inflating: sonarqube-6.7.6/web/js/82.71824896.chunk.js
  inflating: sonarqube-6.7.6/web/js/84.1950451c.chunk.js
  inflating: sonarqube-6.7.6/web/js/86.4556b62a.chunk.js
  inflating: sonarqube-6.7.6/web/js/88.aaddebd4.chunk.js
  inflating: sonarqube-6.7.6/web/js/90.2cc5e44c.chunk.js
  inflating: sonarqube-6.7.6/web/js/92.eaf4f942.chunk.js
  inflating: sonarqube-6.7.6/web/js/93.36e8cf31.chunk.js
  inflating: sonarqube-6.7.6/web/js/94.119abf02.chunk.js
  inflating: sonarqube-6.7.6/web/js/95.6c63911a.chunk.js
  inflating: sonarqube-6.7.6/web/js/96.432e50fa.chunk.js
  inflating: sonarqube-6.7.6/web/js/97.38840f5f.chunk.js
  inflating: sonarqube-6.7.6/web/js/98.22360720.chunk.js
  inflating: sonarqube-6.7.6/web/js/99.f06852d3.chunk.js
  inflating: sonarqube-6.7.6/web/js/100.ca215765.chunk.js
  inflating: sonarqube-6.7.6/web/js/101.813539ea.chunk.js
  inflating: sonarqube-6.7.6/web/js/102.34be4854.chunk.js
  inflating: sonarqube-6.7.6/web/js/103.038aedcf.chunk.js
  inflating: sonarqube-6.7.6/web/js/104.01d1df1d.chunk.js
  inflating: sonarqube-6.7.6/web/js/105.16bd75e3.chunk.js
  inflating: sonarqube-6.7.6/web/js/106.bca3e21a.chunk.js
  inflating: sonarqube-6.7.6/web/js/107.74672043.chunk.js
  inflating: sonarqube-6.7.6/web/js/108.c5a6a319.chunk.js
  inflating: sonarqube-6.7.6/web/js/109.4f6bfdff.chunk.js
  inflating: sonarqube-6.7.6/web/js/110.d387162b.chunk.js
  inflating: sonarqube-6.7.6/web/js/111.738be675.chunk.js
  inflating: sonarqube-6.7.6/web/js/112.c10873ad.chunk.js
  inflating: sonarqube-6.7.6/web/js/113.37ef9487.chunk.js
  inflating: sonarqube-6.7.6/web/js/114.4d28bf93.chunk.js
  inflating: sonarqube-6.7.6/web/js/115.3c43bdb7.chunk.js
  inflating: sonarqube-6.7.6/web/js/116.c607d385.chunk.js
  inflating: sonarqube-6.7.6/web/js/117.3f42d10c.chunk.js
  inflating: sonarqube-6.7.6/web/js/118.92efdf75.chunk.js
  inflating: sonarqube-6.7.6/web/js/119.244133cf.chunk.js
  inflating: sonarqube-6.7.6/web/js/120.f95f74cd.chunk.js
  inflating: sonarqube-6.7.6/web/js/121.6eb3c0f3.chunk.js
  inflating: sonarqube-6.7.6/web/js/122.6921070f.chunk.js
  inflating: sonarqube-6.7.6/web/js/123.0d4a9e0d.chunk.js
  inflating: sonarqube-6.7.6/web/js/124.46e12172.chunk.js
  inflating: sonarqube-6.7.6/web/js/125.03c16ed9.chunk.js
  inflating: sonarqube-6.7.6/web/js/126.c22a3b74.chunk.js
  inflating: sonarqube-6.7.6/web/js/127.09266314.chunk.js
  inflating: sonarqube-6.7.6/web/js/128.170e97af.chunk.js
  inflating: sonarqube-6.7.6/web/js/129.bb891ec9.chunk.js
  inflating: sonarqube-6.7.6/web/js/130.61cd9a2b.chunk.js
  inflating: sonarqube-6.7.6/web/js/131.83745a03.chunk.js
  inflating: sonarqube-6.7.6/web/js/132.a11bb174.chunk.js
  inflating: sonarqube-6.7.6/web/js/133.caa86ced.chunk.js
  inflating: sonarqube-6.7.6/web/js/134.0fcf8274.chunk.js
  inflating: sonarqube-6.7.6/web/js/135.9f7419a6.chunk.js
  inflating: sonarqube-6.7.6/web/js/136.b702a3ec.chunk.js
  inflating: sonarqube-6.7.6/web/js/137.c7a46c0c.chunk.js
  inflating: sonarqube-6.7.6/web/js/138.3eba599a.chunk.js
  inflating: sonarqube-6.7.6/web/js/139.34cd2e4c.chunk.js
  inflating: sonarqube-6.7.6/web/js/140.4f556cef.chunk.js
  inflating: sonarqube-6.7.6/web/js/141.2f3342fd.chunk.js
  inflating: sonarqube-6.7.6/web/js/142.5129cc7a.chunk.js
  inflating: sonarqube-6.7.6/web/js/143.ab902bb0.chunk.js
  inflating: sonarqube-6.7.6/web/js/144.46a2db08.chunk.js
  inflating: sonarqube-6.7.6/web/js/145.eb7e5d31.chunk.js
  inflating: sonarqube-6.7.6/web/js/146.b1b54995.chunk.js
  inflating: sonarqube-6.7.6/web/js/147.f18bc4ef.chunk.js
  inflating: sonarqube-6.7.6/web/js/148.c32ea824.chunk.js
  inflating: sonarqube-6.7.6/web/js/149.33b30dfa.chunk.js
  inflating: sonarqube-6.7.6/web/js/150.d4bc66fe.chunk.js
  inflating: sonarqube-6.7.6/web/js/151.ea5b99dc.chunk.js
  inflating: sonarqube-6.7.6/web/js/152.4ad5f84f.chunk.js
  inflating: sonarqube-6.7.6/web/js/153.b45eb236.chunk.js
  inflating: sonarqube-6.7.6/web/js/154.06ddfe19.chunk.js
  inflating: sonarqube-6.7.6/web/js/155.8efc77d0.chunk.js
  inflating: sonarqube-6.7.6/web/js/157.ce6178bf.chunk.js
  inflating: sonarqube-6.7.6/web/js/159.95cad9ed.chunk.js
  inflating: sonarqube-6.7.6/web/js/161.e7129621.chunk.js
  inflating: sonarqube-6.7.6/web/js/162.940e92cf.chunk.js
  inflating: sonarqube-6.7.6/web/js/164.7b348423.chunk.js
  inflating: sonarqube-6.7.6/web/js/166.30fb1b14.chunk.js
  inflating: sonarqube-6.7.6/web/js/168.5a2bfb62.chunk.js
  inflating: sonarqube-6.7.6/web/js/170.8077b47a.chunk.js
  inflating: sonarqube-6.7.6/web/js/171.ccf0c51d.chunk.js
  inflating: sonarqube-6.7.6/web/js/173.91752667.chunk.js
  inflating: sonarqube-6.7.6/web/js/175.67b131c8.chunk.js
  inflating: sonarqube-6.7.6/web/js/177.93dcb1f3.chunk.js
  inflating: sonarqube-6.7.6/web/js/179.24b71709.chunk.js
  inflating: sonarqube-6.7.6/web/js/181.416bbbdf.chunk.js
  inflating: sonarqube-6.7.6/web/js/183.d9991578.chunk.js
  inflating: sonarqube-6.7.6/web/js/184.cfa90fc6.chunk.js
  inflating: sonarqube-6.7.6/web/js/186.64257b14.chunk.js
  inflating: sonarqube-6.7.6/web/js/188.59a6387e.chunk.js
  inflating: sonarqube-6.7.6/web/js/189.5a4aa447.chunk.js
  inflating: sonarqube-6.7.6/web/js/191.51b597c3.chunk.js
  inflating: sonarqube-6.7.6/web/js/194.b80037fb.chunk.js
  inflating: sonarqube-6.7.6/web/js/196.1b5fe87b.chunk.js
  inflating: sonarqube-6.7.6/web/js/197.8f52c24f.chunk.js
  inflating: sonarqube-6.7.6/web/js/200.17d6bbbd.chunk.js
  inflating: sonarqube-6.7.6/web/js/202.08028c9b.chunk.js
  inflating: sonarqube-6.7.6/web/js/203.7ee91e94.chunk.js
  inflating: sonarqube-6.7.6/web/js/205.cdcb0571.chunk.js
  inflating: sonarqube-6.7.6/web/js/207.e1e0715d.chunk.js
  inflating: sonarqube-6.7.6/web/js/209.8340964f.chunk.js
  inflating: sonarqube-6.7.6/web/js/210.d156e1fc.chunk.js
  inflating: sonarqube-6.7.6/web/js/212.9be2971f.chunk.js
  inflating: sonarqube-6.7.6/web/js/214.60a69d65.chunk.js
  inflating: sonarqube-6.7.6/web/js/217.d94d3e09.chunk.js
  inflating: sonarqube-6.7.6/web/js/219.8d9d74c2.chunk.js
  inflating: sonarqube-6.7.6/web/js/220.fa9f5676.chunk.js
  inflating: sonarqube-6.7.6/web/js/222.347b6392.chunk.js
  inflating: sonarqube-6.7.6/web/js/224.3bd6e8ef.chunk.js
  inflating: sonarqube-6.7.6/web/js/226.3bc6cbfd.chunk.js
  inflating: sonarqube-6.7.6/web/js/229.37505d91.chunk.js
  inflating: sonarqube-6.7.6/web/js/231.2e8a1da5.chunk.js
  inflating: sonarqube-6.7.6/web/js/232.244b3571.chunk.js
  inflating: sonarqube-6.7.6/web/js/234.bacc2f78.chunk.js
  inflating: sonarqube-6.7.6/web/js/236.c1633180.chunk.js
  inflating: sonarqube-6.7.6/web/js/243.22510a9b.chunk.js
  inflating: sonarqube-6.7.6/web/js/245.35e07eab.chunk.js
  inflating: sonarqube-6.7.6/web/js/246.3bd0bf0f.chunk.js
  inflating: sonarqube-6.7.6/web/js/247.9ef0e705.chunk.js
  inflating: sonarqube-6.7.6/web/js/248.99897e27.chunk.js
  inflating: sonarqube-6.7.6/web/js/249.1b402237.chunk.js
  inflating: sonarqube-6.7.6/web/js/257.91684c57.chunk.js
  inflating: sonarqube-6.7.6/web/js/258.15ca7660.chunk.js
  inflating: sonarqube-6.7.6/web/js/259.ad744d5c.chunk.js
  inflating: sonarqube-6.7.6/web/js/260.254c8ba7.chunk.js
  inflating: sonarqube-6.7.6/web/js/261.6975b132.chunk.js
  inflating: sonarqube-6.7.6/web/js/262.166cedeb.chunk.js
  inflating: sonarqube-6.7.6/web/js/263.05d65cbf.chunk.js
  inflating: sonarqube-6.7.6/web/js/264.cf13858a.chunk.js
  inflating: sonarqube-6.7.6/web/js/265.cb54965a.chunk.js
  inflating: sonarqube-6.7.6/web/js/266.dabeed39.chunk.js
  inflating: sonarqube-6.7.6/web/js/267.a2e103ee.chunk.js
  inflating: sonarqube-6.7.6/web/js/268.a2db9399.chunk.js
  inflating: sonarqube-6.7.6/web/js/269.9c1f65f0.chunk.js
  inflating: sonarqube-6.7.6/web/js/270.7af7c8a1.chunk.js
  inflating: sonarqube-6.7.6/web/js/271.558c6e02.chunk.js
  inflating: sonarqube-6.7.6/web/js/272.5a2a036e.chunk.js
  inflating: sonarqube-6.7.6/web/js/273.35a1be39.chunk.js
  inflating: sonarqube-6.7.6/web/js/274.e06a0df2.chunk.js
  inflating: sonarqube-6.7.6/web/js/275.f3ba00a4.chunk.js
  inflating: sonarqube-6.7.6/web/js/276.47a6b528.chunk.js
  inflating: sonarqube-6.7.6/web/js/277.c254f90b.chunk.js
  inflating: sonarqube-6.7.6/web/js/278.0ed03a81.chunk.js
  inflating: sonarqube-6.7.6/web/js/279.90dd9b94.chunk.js
  inflating: sonarqube-6.7.6/web/js/280.cb89a2ee.chunk.js
  inflating: sonarqube-6.7.6/web/js/app.9b56e4b1.js
  inflating: sonarqube-6.7.6/web/js/237.d24591c3.chunk.js.map
  inflating: sonarqube-6.7.6/web/js/238.b37380a8.chunk.js.map
  inflating: sonarqube-6.7.6/web/js/220.fa9f5676.chunk.js.map
  inflating: sonarqube-6.7.6/web/js/219.8d9d74c2.chunk.js.map
  inflating: sonarqube-6.7.6/web/js/218.3a31dd4c.chunk.js.map
  inflating: sonarqube-6.7.6/web/js/240.70855aa1.chunk.js.map
  inflating: sonarqube-6.7.6/web/js/242.34792898.chunk.js.map
  inflating: sonarqube-6.7.6/web/js/245.35e07eab.chunk.js.map
  inflating: sonarqube-6.7.6/web/js/246.3bd0bf0f.chunk.js.map
  inflating: sonarqube-6.7.6/web/js/250.3614943e.chunk.js.map
  inflating: sonarqube-6.7.6/web/js/256.ddea8d48.chunk.js.map
  inflating: sonarqube-6.7.6/web/js/260.254c8ba7.chunk.js.map
  inflating: sonarqube-6.7.6/web/js/264.cf13858a.chunk.js.map
  inflating: sonarqube-6.7.6/web/js/vendor.1a4350d0.js.map
  inflating: sonarqube-6.7.6/web/apple-touch-icon.png
  inflating: sonarqube-6.7.6/web/apple-touch-icon-144x144.png
  inflating: sonarqube-6.7.6/web/js/2.93d00213.chunk.js
  inflating: sonarqube-6.7.6/web/js/4.b4dc746c.chunk.js
  inflating: sonarqube-6.7.6/web/js/6.a9e4b8c3.chunk.js
  inflating: sonarqube-6.7.6/web/js/8.11f2bc4a.chunk.js
  inflating: sonarqube-6.7.6/web/js/10.9dd62640.chunk.js
  inflating: sonarqube-6.7.6/web/js/12.452b315c.chunk.js
  inflating: sonarqube-6.7.6/web/js/14.f909d56d.chunk.js
  inflating: sonarqube-6.7.6/web/js/16.f3caea41.chunk.js
  inflating: sonarqube-6.7.6/web/js/18.348ab977.chunk.js
  inflating: sonarqube-6.7.6/web/js/20.87cfbba0.chunk.js
  inflating: sonarqube-6.7.6/web/js/23.fb41e83d.chunk.js
  inflating: sonarqube-6.7.6/web/js/24.93924a6f.chunk.js
  inflating: sonarqube-6.7.6/web/js/26.a6bc9c25.chunk.js
  inflating: sonarqube-6.7.6/web/js/28.214b8656.chunk.js
  inflating: sonarqube-6.7.6/web/js/30.0aeaea95.chunk.js
  inflating: sonarqube-6.7.6/web/js/33.fe821895.chunk.js
  inflating: sonarqube-6.7.6/web/js/34.d10fd8b1.chunk.js
  inflating: sonarqube-6.7.6/web/js/36.0e8a69f6.chunk.js
  inflating: sonarqube-6.7.6/web/js/38.897e2689.chunk.js
  inflating: sonarqube-6.7.6/web/js/40.36e23877.chunk.js
  inflating: sonarqube-6.7.6/web/js/42.dd7ce10a.chunk.js
  inflating: sonarqube-6.7.6/web/js/44.68f7c38b.chunk.js
  inflating: sonarqube-6.7.6/web/js/45.298aefc6.chunk.js
  inflating: sonarqube-6.7.6/web/js/46.ee5ad4ee.chunk.js
  inflating: sonarqube-6.7.6/web/js/47.6b456b6f.chunk.js
  inflating: sonarqube-6.7.6/web/js/48.4def6464.chunk.js
  inflating: sonarqube-6.7.6/web/js/49.96c960b2.chunk.js
  inflating: sonarqube-6.7.6/web/js/50.b678391f.chunk.js
  inflating: sonarqube-6.7.6/web/js/51.eb77c8eb.chunk.js
  inflating: sonarqube-6.7.6/web/js/53.372154a2.chunk.js
  inflating: sonarqube-6.7.6/web/js/55.776746b2.chunk.js
  inflating: sonarqube-6.7.6/web/js/57.861ba649.chunk.js
  inflating: sonarqube-6.7.6/web/js/59.c08a3a46.chunk.js
  inflating: sonarqube-6.7.6/web/js/62.4eef70fc.chunk.js
  inflating: sonarqube-6.7.6/web/js/64.be54d415.chunk.js
  inflating: sonarqube-6.7.6/web/js/66.73b9b4f6.chunk.js
  inflating: sonarqube-6.7.6/web/js/68.a81cdb85.chunk.js
  inflating: sonarqube-6.7.6/web/js/70.cab53312.chunk.js
  inflating: sonarqube-6.7.6/web/js/240.70855aa1.chunk.js
  inflating: sonarqube-6.7.6/web/js/241.abf924f5.chunk.js
  inflating: sonarqube-6.7.6/web/js/242.34792898.chunk.js
  inflating: sonarqube-6.7.6/web/js/244.1c7af17a.chunk.js
  inflating: sonarqube-6.7.6/web/js/250.3614943e.chunk.js
  inflating: sonarqube-6.7.6/web/js/251.f8a590b7.chunk.js
  inflating: sonarqube-6.7.6/web/js/252.623af49e.chunk.js
  inflating: sonarqube-6.7.6/web/js/253.fa75cf74.chunk.js
  inflating: sonarqube-6.7.6/web/js/254.7104cf95.chunk.js
  inflating: sonarqube-6.7.6/web/js/255.c90bfed4.chunk.js
  inflating: sonarqube-6.7.6/web/js/256.ddea8d48.chunk.js
  inflating: sonarqube-6.7.6/web/js/2.93d00213.chunk.js.map
  inflating: sonarqube-6.7.6/web/js/3.fab59ed4.chunk.js.map
  inflating: sonarqube-6.7.6/web/js/4.b4dc746c.chunk.js.map
  inflating: sonarqube-6.7.6/web/js/5.076bb6d1.chunk.js.map
  inflating: sonarqube-6.7.6/web/js/6.a9e4b8c3.chunk.js.map
  inflating: sonarqube-6.7.6/web/js/7.299b4bee.chunk.js.map
  inflating: sonarqube-6.7.6/web/js/8.11f2bc4a.chunk.js.map
  inflating: sonarqube-6.7.6/web/js/9.38b4751c.chunk.js.map
  inflating: sonarqube-6.7.6/web/js/10.9dd62640.chunk.js.map
  inflating: sonarqube-6.7.6/web/js/11.d51bfadd.chunk.js.map
  inflating: sonarqube-6.7.6/web/js/12.452b315c.chunk.js.map
  inflating: sonarqube-6.7.6/web/js/13.ed441df2.chunk.js.map
  inflating: sonarqube-6.7.6/web/js/14.f909d56d.chunk.js.map
  inflating: sonarqube-6.7.6/web/js/15.9dfb824d.chunk.js.map
  inflating: sonarqube-6.7.6/web/js/16.f3caea41.chunk.js.map
  inflating: sonarqube-6.7.6/web/js/17.3720a8fa.chunk.js.map
  inflating: sonarqube-6.7.6/web/js/18.348ab977.chunk.js.map
  inflating: sonarqube-6.7.6/web/js/19.e909fd3f.chunk.js.map
  inflating: sonarqube-6.7.6/web/js/20.87cfbba0.chunk.js.map
  inflating: sonarqube-6.7.6/web/js/21.dc6bb2f9.chunk.js.map
  inflating: sonarqube-6.7.6/web/js/22.012ef223.chunk.js.map
  inflating: sonarqube-6.7.6/web/js/23.fb41e83d.chunk.js.map
  inflating: sonarqube-6.7.6/web/js/24.93924a6f.chunk.js.map
  inflating: sonarqube-6.7.6/web/js/25.2dc853f9.chunk.js.map
  inflating: sonarqube-6.7.6/web/js/88.aaddebd4.chunk.js.map
  inflating: sonarqube-6.7.6/web/js/89.d4dfb79d.chunk.js.map
  inflating: sonarqube-6.7.6/web/js/90.2cc5e44c.chunk.js.map
  inflating: sonarqube-6.7.6/web/js/91.fc64d24c.chunk.js.map
  inflating: sonarqube-6.7.6/web/js/92.eaf4f942.chunk.js.map
  inflating: sonarqube-6.7.6/web/js/93.36e8cf31.chunk.js.map
  inflating: sonarqube-6.7.6/web/js/94.119abf02.chunk.js.map
  inflating: sonarqube-6.7.6/web/js/95.6c63911a.chunk.js.map
  inflating: sonarqube-6.7.6/web/js/96.432e50fa.chunk.js.map
  inflating: sonarqube-6.7.6/web/js/97.38840f5f.chunk.js.map
  inflating: sonarqube-6.7.6/web/js/98.22360720.chunk.js.map
  inflating: sonarqube-6.7.6/web/js/99.f06852d3.chunk.js.map
  inflating: sonarqube-6.7.6/web/js/100.ca215765.chunk.js.map
  inflating: sonarqube-6.7.6/web/js/101.813539ea.chunk.js.map
  inflating: sonarqube-6.7.6/web/js/102.34be4854.chunk.js.map
  inflating: sonarqube-6.7.6/web/js/103.038aedcf.chunk.js.map
  inflating: sonarqube-6.7.6/web/js/104.01d1df1d.chunk.js.map
  inflating: sonarqube-6.7.6/web/js/105.16bd75e3.chunk.js.map
  inflating: sonarqube-6.7.6/web/js/106.bca3e21a.chunk.js.map
  inflating: sonarqube-6.7.6/web/js/107.74672043.chunk.js.map
  inflating: sonarqube-6.7.6/web/js/108.c5a6a319.chunk.js.map
  inflating: sonarqube-6.7.6/web/js/109.4f6bfdff.chunk.js.map
  inflating: sonarqube-6.7.6/web/js/110.d387162b.chunk.js.map
  inflating: sonarqube-6.7.6/web/js/111.738be675.chunk.js.map
  inflating: sonarqube-6.7.6/web/js/112.c10873ad.chunk.js.map
  inflating: sonarqube-6.7.6/web/js/113.37ef9487.chunk.js.map
  inflating: sonarqube-6.7.6/web/js/114.4d28bf93.chunk.js.map
  inflating: sonarqube-6.7.6/web/js/115.3c43bdb7.chunk.js.map
  inflating: sonarqube-6.7.6/web/js/116.c607d385.chunk.js.map
  inflating: sonarqube-6.7.6/web/js/117.3f42d10c.chunk.js.map
  inflating: sonarqube-6.7.6/web/js/118.92efdf75.chunk.js.map
  inflating: sonarqube-6.7.6/web/js/119.244133cf.chunk.js.map
  inflating: sonarqube-6.7.6/web/js/120.f95f74cd.chunk.js.map
  inflating: sonarqube-6.7.6/web/js/121.6eb3c0f3.chunk.js.map
  inflating: sonarqube-6.7.6/web/js/122.6921070f.chunk.js.map
  inflating: sonarqube-6.7.6/web/js/123.0d4a9e0d.chunk.js.map
  inflating: sonarqube-6.7.6/web/js/124.46e12172.chunk.js.map
  inflating: sonarqube-6.7.6/web/js/125.03c16ed9.chunk.js.map
  inflating: sonarqube-6.7.6/web/js/126.c22a3b74.chunk.js.map
  inflating: sonarqube-6.7.6/web/js/127.09266314.chunk.js.map
  inflating: sonarqube-6.7.6/web/js/128.170e97af.chunk.js.map
  inflating: sonarqube-6.7.6/web/js/129.bb891ec9.chunk.js.map
  inflating: sonarqube-6.7.6/web/js/130.61cd9a2b.chunk.js.map
  inflating: sonarqube-6.7.6/web/js/131.83745a03.chunk.js.map
  inflating: sonarqube-6.7.6/web/js/132.a11bb174.chunk.js.map
  inflating: sonarqube-6.7.6/web/js/133.caa86ced.chunk.js.map
  inflating: sonarqube-6.7.6/web/js/134.0fcf8274.chunk.js.map
  inflating: sonarqube-6.7.6/web/js/135.9f7419a6.chunk.js.map
  inflating: sonarqube-6.7.6/web/js/136.b702a3ec.chunk.js.map
  inflating: sonarqube-6.7.6/web/js/137.c7a46c0c.chunk.js.map
  inflating: sonarqube-6.7.6/web/js/138.3eba599a.chunk.js.map
  inflating: sonarqube-6.7.6/web/js/139.34cd2e4c.chunk.js.map
  inflating: sonarqube-6.7.6/web/js/140.4f556cef.chunk.js.map
  inflating: sonarqube-6.7.6/web/js/141.2f3342fd.chunk.js.map
  inflating: sonarqube-6.7.6/web/js/142.5129cc7a.chunk.js.map
  inflating: sonarqube-6.7.6/web/js/143.ab902bb0.chunk.js.map
  inflating: sonarqube-6.7.6/web/js/144.46a2db08.chunk.js.map
  inflating: sonarqube-6.7.6/web/js/146.b1b54995.chunk.js.map
  inflating: sonarqube-6.7.6/web/js/148.c32ea824.chunk.js.map
  inflating: sonarqube-6.7.6/web/js/150.d4bc66fe.chunk.js.map
  inflating: sonarqube-6.7.6/web/js/152.4ad5f84f.chunk.js.map
  inflating: sonarqube-6.7.6/web/js/154.06ddfe19.chunk.js.map
  inflating: sonarqube-6.7.6/web/js/155.8efc77d0.chunk.js.map
  inflating: sonarqube-6.7.6/web/js/156.b104db10.chunk.js.map
  inflating: sonarqube-6.7.6/web/js/157.ce6178bf.chunk.js.map
  inflating: sonarqube-6.7.6/web/js/158.c5407a66.chunk.js.map
  inflating: sonarqube-6.7.6/web/js/159.95cad9ed.chunk.js.map
  inflating: sonarqube-6.7.6/web/js/160.6c94f065.chunk.js.map
  inflating: sonarqube-6.7.6/web/js/161.e7129621.chunk.js.map
  inflating: sonarqube-6.7.6/web/js/162.940e92cf.chunk.js.map
  inflating: sonarqube-6.7.6/web/js/163.ce8f3177.chunk.js.map
  inflating: sonarqube-6.7.6/web/js/164.7b348423.chunk.js.map
  inflating: sonarqube-6.7.6/web/js/165.a8e3636e.chunk.js.map
  inflating: sonarqube-6.7.6/web/js/166.30fb1b14.chunk.js.map
  inflating: sonarqube-6.7.6/web/js/167.a4dcc61a.chunk.js.map
  inflating: sonarqube-6.7.6/web/js/168.5a2bfb62.chunk.js.map
  inflating: sonarqube-6.7.6/web/js/169.74bafdee.chunk.js.map
  inflating: sonarqube-6.7.6/web/js/170.8077b47a.chunk.js.map
  inflating: sonarqube-6.7.6/web/js/171.ccf0c51d.chunk.js.map
  inflating: sonarqube-6.7.6/web/js/173.91752667.chunk.js.map
  inflating: sonarqube-6.7.6/web/js/226.3bc6cbfd.chunk.js.map
  inflating: sonarqube-6.7.6/web/js/229.37505d91.chunk.js.map
  inflating: sonarqube-6.7.6/web/js/231.2e8a1da5.chunk.js.map
  inflating: sonarqube-6.7.6/web/js/232.244b3571.chunk.js.map
  inflating: sonarqube-6.7.6/web/js/234.bacc2f78.chunk.js.map
  inflating: sonarqube-6.7.6/web/js/236.c1633180.chunk.js.map
  inflating: sonarqube-6.7.6/web/js/239.de87b0aa.chunk.js.map
  inflating: sonarqube-6.7.6/web/css/sonar.9b56e4b1.css
  inflating: sonarqube-6.7.6/web/css/sonar.9b56e4b1.css.map
  inflating: sonarqube-6.7.6/web/META-INF/maven/org.sonarsource.sonarqube/sonar-web/pom.xml
  inflating: sonarqube-6.7.6/web/META-INF/maven/org.sonarsource.sonarqube/sonar-web/pom.properties
  inflating: sonarqube-6.7.6/lib/common/parent-join-client-5.6.3.jar
  inflating: sonarqube-6.7.6/lib/common/httpasyncclient-4.1.2.jar
  inflating: sonarqube-6.7.6/lib/common/elasticsearch-rest-client-5.6.3.jar
  inflating: sonarqube-6.7.6/lib/common/reindex-client-5.6.3.jar
  inflating: sonarqube-6.7.6/lib/common/netty-transport-4.1.13.Final.jar
  inflating: sonarqube-6.7.6/lib/common/netty-codec-http-4.1.13.Final.jar
  inflating: sonarqube-6.7.6/lib/common/joda-time-2.9.5.jar
  inflating: sonarqube-6.7.6/lib/common/lucene-misc-6.6.1.jar
  inflating: sonarqube-6.7.6/lib/common/lucene-grouping-6.6.1.jar
  inflating: sonarqube-6.7.6/lib/common/elasticsearch-5.6.3.jar
  inflating: sonarqube-6.7.6/elasticsearch/lib/HdrHistogram-2.1.9.jar
  inflating: sonarqube-6.7.6/elasticsearch/lib/lucene-spatial3d-6.6.1.jar
  inflating: sonarqube-6.7.6/elasticsearch/lib/lucene-misc-6.6.1.jar
  inflating: sonarqube-6.7.6/elasticsearch/lib/jts-1.13.jar
  inflating: sonarqube-6.7.6/elasticsearch/lib/lucene-highlighter-6.6.1.jar
  inflating: sonarqube-6.7.6/elasticsearch/lib/lucene-queryparser-6.6.1.jar
  inflating: sonarqube-6.7.6/elasticsearch/lib/lucene-memory-6.6.1.jar
  inflating: sonarqube-6.7.6/elasticsearch/lib/jackson-core-2.8.6.jar
  inflating: sonarqube-6.7.6/elasticsearch/bin/elasticsearch-plugin
  inflating: sonarqube-6.7.6/elasticsearch/config/log4j2.properties
  inflating: sonarqube-6.7.6/elasticsearch/config/elasticsearch.yml
  inflating: sonarqube-6.7.6/elasticsearch/config/jvm.options
  inflating: sonarqube-6.7.6/elasticsearch/LICENSE.txt
  inflating: sonarqube-6.7.6/COPYING
  inflating: sonarqube-6.7.6/lib/sonar-application-6.7.6.jar
  inflating: sonarqube-6.7.6/lib/server/sonar-server-6.7.6.jar
  inflating: sonarqube-6.7.6/lib/server/woodstox-core-lgpl-4.4.0.jar
  inflating: sonarqube-6.7.6/lib/server/stax2-api-3.1.4.jar
  inflating: sonarqube-6.7.6/lib/server/staxmate-2.0.1.jar
  inflating: sonarqube-6.7.6/lib/server/sonar-update-center-common-1.18.0.487.jar
  inflating: sonarqube-6.7.6/lib/server/log4j-over-slf4j-1.7.25.jar
  inflating: sonarqube-6.7.6/lib/server/sonar-db-dao-6.7.6.jar
  inflating: sonarqube-6.7.6/lib/server/sonar-db-core-6.7.6.jar
  inflating: sonarqube-6.7.6/lib/server/commons-csv-1.4.jar
  inflating: sonarqube-6.7.6/lib/server/sonar-scanner-protocol-6.7.6.jar
  inflating: sonarqube-6.7.6/lib/server/mybatis-3.4.4.jar
  inflating: sonarqube-6.7.6/lib/server/activation-1.1.jar
  inflating: sonarqube-6.7.6/lib/server/jaxb-api-2.3.0.jar
  inflating: sonarqube-6.7.6/lib/server/jackson-annotations-2.9.5.jar
  inflating: sonarqube-6.7.6/lib/ce/sonar-ce-6.7.6.jar
  inflating: sonarqube-6.7.6/lib/ce/nanohttpd-2.3.0.jar
  inflating: sonarqube-6.7.6/lib/scanner/sonar-scanner-engine-shaded-6.7.6.jar
  inflating: sonarqube-6.7.6/lib/common/percolator-client-5.6.3.jar
  inflating: sonarqube-6.7.6/lib/common/httpcore-4.4.5.jar
  inflating: sonarqube-6.7.6/lib/common/netty-resolver-4.1.13.Final.jar
  inflating: sonarqube-6.7.6/lib/common/netty-handler-4.1.13.Final.jar
  inflating: sonarqube-6.7.6/lib/common/netty-buffer-4.1.13.Final.jar
  inflating: sonarqube-6.7.6/lib/common/jna-4.4.0-1.jar
  inflating: sonarqube-6.7.6/lib/common/securesm-1.1.jar
  inflating: sonarqube-6.7.6/lib/common/lucene-suggest-6.6.1.jar
  inflating: sonarqube-6.7.6/lib/common/lucene-spatial-extras-6.6.1.jar
  inflating: sonarqube-6.7.6/lib/common/lucene-sandbox-6.6.1.jar
  inflating: sonarqube-6.7.6/lib/common/lucene-queries-6.6.1.jar
  inflating: sonarqube-6.7.6/lib/common/lucene-memory-6.6.1.jar
  inflating: sonarqube-6.7.6/lib/common/lucene-join-6.6.1.jar
  inflating: sonarqube-6.7.6/lib/common/lucene-highlighter-6.6.1.jar
  inflating: sonarqube-6.7.6/lib/common/lucene-backward-codecs-6.6.1.jar
  inflating: sonarqube-6.7.6/lib/common/lucene-analyzers-common-6.6.1.jar
  inflating: sonarqube-6.7.6/lib/common/log4j-core-2.8.2.jar
  inflating: sonarqube-6.7.6/lib/common/commons-lang-2.6.jar
  inflating: sonarqube-6.7.6/lib/common/commons-codec-1.8.jar
  inflating: sonarqube-6.7.6/lib/common/logback-classic-1.2.3.jar
  inflating: sonarqube-6.7.6/lib/common/sonar-process-6.7.6.jar
  inflating: sonarqube-6.7.6/bin/macosx-universal-64/lib/libwrapper.jnilib
  inflating: sonarqube-6.7.6/bin/macosx-universal-64/wrapper
  inflating: sonarqube-6.7.6/bin/linux-x86-32/lib/libwrapper.so
  inflating: sonarqube-6.7.6/bin/linux-x86-32/wrapper
  inflating: sonarqube-6.7.6/bin/windows-x86-64/lib/wrapper.dll
  inflating: sonarqube-6.7.6/bin/windows-x86-64/wrapper.exe
  inflating: sonarqube-6.7.6/elasticsearch/modules/ingest-common/plugin-descriptor.properties
  inflating: sonarqube-6.7.6/elasticsearch/modules/transport-netty4/netty-handler-4.1.13.Final.jar
  inflating: sonarqube-6.7.6/elasticsearch/modules/transport-netty4/netty-transport-4.1.13.Final.jar
  inflating: sonarqube-6.7.6/elasticsearch/modules/transport-netty4/transport-netty4-5.6.3.jar
  inflating: sonarqube-6.7.6/elasticsearch/modules/transport-netty4/netty-common-4.1.13.Final.jar
  inflating: sonarqube-6.7.6/elasticsearch/modules/reindex/commons-logging-1.1.3.jar
  inflating: sonarqube-6.7.6/elasticsearch/modules/reindex/plugin-security.policy
  inflating: sonarqube-6.7.6/elasticsearch/modules/reindex/httpclient-4.5.2.jar
  inflating: sonarqube-6.7.6/elasticsearch/modules/reindex/elasticsearch-rest-client-5.6.3.jar
  inflating: sonarqube-6.7.6/elasticsearch/modules/reindex/commons-codec-1.10.jar
  inflating: sonarqube-6.7.6/elasticsearch/modules/reindex/plugin-descriptor.properties
  inflating: sonarqube-6.7.6/elasticsearch/modules/reindex/reindex-5.6.3.jar
  inflating: sonarqube-6.7.6/elasticsearch/modules/aggs-matrix-stats/aggs-matrix-stats-5.6.3.jar
  inflating: sonarqube-6.7.6/elasticsearch/modules/aggs-matrix-stats/plugin-descriptor.properties
  inflating: sonarqube-6.7.6/elasticsearch/modules/percolator/percolator-5.6.3.jar
  inflating: sonarqube-6.7.6/elasticsearch/modules/percolator/plugin-descriptor.properties 
  inflating: sonarqube-6.7.6/elasticsearch/lib/joda-time-2.9.5.jar
  inflating: sonarqube-6.7.6/elasticsearch/lib/lucene-sandbox-6.6.1.jar
  inflating: sonarqube-6.7.6/elasticsearch/lib/lucene-grouping-6.6.1.jar
  inflating: sonarqube-6.7.6/elasticsearch/lib/lucene-suggest-6.6.1.jar
  inflating: sonarqube-6.7.6/elasticsearch/lib/jackson-dataformat-cbor-2.8.6.jar
  inflating: sonarqube-6.7.6/elasticsearch/lib/lucene-join-6.6.1.jar
  inflating: sonarqube-6.7.6/elasticsearch/lib/jopt-simple-5.0.2.jar
  inflating: sonarqube-6.7.6/elasticsearch/lib/hppc-0.7.1.jar
  inflating: sonarqube-6.7.6/elasticsearch/lib/securesm-1.1.jar
  inflating: sonarqube-6.7.6/elasticsearch/lib/java-version-checker-5.6.3.jar
  inflating: sonarqube-6.7.6/elasticsearch/lib/jna-4.4.0-1.jar
  inflating: sonarqube-6.7.6/elasticsearch/lib/lucene-queries-6.6.1.jar
  inflating: sonarqube-6.7.6/elasticsearch/lib/snakeyaml-1.15.jar
  inflating: sonarqube-6.7.6/elasticsearch/lib/spatial4j-0.6.jar
  inflating: sonarqube-6.7.6/elasticsearch/lib/log4j-core-2.9.1.jar
  inflating: sonarqube-6.7.6/elasticsearch/lib/log4j-1.2-api-2.9.1.jar
  inflating: sonarqube-6.7.6/elasticsearch/lib/jackson-dataformat-smile-2.8.6.jar
  inflating: sonarqube-6.7.6/elasticsearch/lib/elasticsearch-5.6.3.jar
  inflating: sonarqube-6.7.6/lib/server/jjwt-0.9.0.jar
  inflating: sonarqube-6.7.6/lib/server/jackson-databind-2.9.5.jar
  inflating: sonarqube-6.7.6/lib/bundled-plugins/sonar-javascript-plugin-3.2.0.5506.jar
  inflating: sonarqube-6.7.6/lib/bundled-plugins/sonar-scm-git-plugin-1.3.0.869.jar
  inflating: sonarqube-6.7.6/lib/bundled-plugins/sonar-python-plugin-1.8.0.1496.jar
  inflating: sonarqube-6.7.6/lib/jdbc/mssql/mssql-jdbc-6.2.2.jre8.jar
  inflating: sonarqube-6.7.6/lib/jdbc/postgresql/postgresql-42.2.1.jar
  inflating: sonarqube-6.7.6/lib/common/commons-logging-1.1.3.jar
  inflating: sonarqube-6.7.6/lib/common/httpclient-4.5.2.jar
  inflating: sonarqube-6.7.6/lib/common/netty-codec-4.1.13.Final.jar
  inflating: sonarqube-6.7.6/lib/common/transport-netty4-client-5.6.3.jar
  inflating: sonarqube-6.7.6/lib/common/t-digest-3.0.jar
  inflating: sonarqube-6.7.6/lib/common/jackson-dataformat-cbor-2.8.6.jar
  inflating: sonarqube-6.7.6/lib/common/jackson-dataformat-yaml-2.8.6.jar
  inflating: sonarqube-6.7.6/lib/common/jackson-dataformat-smile-2.8.6.jar
  inflating: sonarqube-6.7.6/lib/common/hppc-0.7.1.jar
  inflating: sonarqube-6.7.6/lib/common/transport-5.6.3.jar
  inflating: sonarqube-6.7.6/lib/common/snakeyaml-1.15.jar
  inflating: sonarqube-6.7.6/lib/common/hazelcast-client-3.8.6.jar
  inflating: sonarqube-6.7.6/lib/common/log4j-api-2.8.2.jar
  inflating: sonarqube-6.7.6/lib/common/log4j-to-slf4j-2.8.2.jar
  inflating: sonarqube-6.7.6/lib/common/sonar-main-6.7.6.jar
  inflating: sonarqube-6.7.6/lib/common/guava-18.0.jar
  inflating: sonarqube-6.7.6/lib/common/commons-io-2.4.jar
  inflating: sonarqube-6.7.6/lib/common/logback-core-1.2.3.jar
  inflating: sonarqube-6.7.6/lib/common/jul-to-slf4j-1.7.25.jar
  inflating: sonarqube-6.7.6/lib/common/slf4j-api-1.7.25.jar
  inflating: sonarqube-6.7.6/lib/common/hazelcast-3.8.6.jar
  inflating: sonarqube-6.7.6/elasticsearch/lib/jackson-dataformat-yaml-2.8.6.jar
  inflating: sonarqube-6.7.6/elasticsearch/lib/log4j-api-2.9.1.jar
  inflating: sonarqube-6.7.6/elasticsearch/lib/lucene-analyzers-common-6.6.1.jar
  inflating: sonarqube-6.7.6/lib/server/tomcat-annotations-api-8.5.23.jar
  inflating: sonarqube-6.7.6/lib/server/gson-2.3.1.jar
  inflating: sonarqube-6.7.6/lib/server/sonar-core-6.7.6.jar
  inflating: sonarqube-6.7.6/lib/server/commons-dbcp-1.4.jar
  inflating: sonarqube-6.7.6/lib/server/sonar-db-migration-6.7.6.jar
  inflating: sonarqube-6.7.6/lib/server/okhttp-3.7.0.jar
  inflating: sonarqube-6.7.6/lib/server/okio-1.12.0.jar
  inflating: sonarqube-6.7.6/lib/server/sonar-plugin-bridge-6.7.6.jar
  inflating: sonarqube-6.7.6/lib/server/commons-email-1.5.jar
  inflating: sonarqube-6.7.6/lib/server/javax.mail-1.5.6.jar
  inflating: sonarqube-6.7.6/lib/bundled-plugins/sonar-java-plugin-4.15.0.12310.jar
  inflating: sonarqube-6.7.6/lib/bundled-plugins/sonar-php-plugin-2.11.0.2485.jar
  inflating: sonarqube-6.7.6/lib/bundled-plugins/sonar-typescript-plugin-1.1.0.1079.jar
  inflating: sonarqube-6.7.6/lib/jdbc/mysql/mysql-connector-java-5.1.42.jar
  inflating: sonarqube-6.7.6/lib/jdbc/h2/h2-1.3.176.jar
  inflating: sonarqube-6.7.6/lib/common/httpcore-nio-4.4.5.jar
  inflating: sonarqube-6.7.6/lib/common/netty-common-4.1.13.Final.jar
  inflating: sonarqube-6.7.6/lib/common/HdrHistogram-2.1.9.jar
  inflating: sonarqube-6.7.6/lib/common/jackson-core-2.9.5.jar
  inflating: sonarqube-6.7.6/lib/common/jopt-simple-5.0.2.jar
  inflating: sonarqube-6.7.6/lib/common/lucene-spatial3d-6.6.1.jar
  inflating: sonarqube-6.7.6/lib/common/lucene-spatial-6.6.1.jar
  inflating: sonarqube-6.7.6/lib/common/lucene-queryparser-6.6.1.jar
  inflating: sonarqube-6.7.6/lib/common/lucene-core-6.6.1.jar
  inflating: sonarqube-6.7.6/bin/linux-x86-64/lib/libwrapper.so
  inflating: sonarqube-6.7.6/bin/linux-x86-64/wrapper
  inflating: sonarqube-6.7.6/bin/windows-x86-32/lib/wrapper.dll
  inflating: sonarqube-6.7.6/bin/windows-x86-32/wrapper.exe
  inflating: sonarqube-6.7.6/elasticsearch/bin/elasticsearch.bat
  inflating: sonarqube-6.7.6/elasticsearch/bin/elasticsearch
  inflating: sonarqube-6.7.6/conf/wrapper.conf
  inflating: sonarqube-6.7.6/conf/sonar.properties
  inflating: sonarqube-6.7.6/bin/windows-x86-32/StopNTService.bat
  inflating: sonarqube-6.7.6/bin/windows-x86-32/StartSonar.bat
  inflating: sonarqube-6.7.6/bin/windows-x86-32/UninstallNTService.bat
  inflating: sonarqube-6.7.6/bin/windows-x86-32/StartNTService.bat
  inflating: sonarqube-6.7.6/bin/windows-x86-32/InstallNTService.bat
  inflating: sonarqube-6.7.6/bin/windows-x86-64/StopNTService.bat
  inflating: sonarqube-6.7.6/bin/windows-x86-64/StartSonar.bat
  inflating: sonarqube-6.7.6/bin/windows-x86-64/UninstallNTService.bat
  inflating: sonarqube-6.7.6/bin/windows-x86-64/StartNTService.bat
  inflating: sonarqube-6.7.6/bin/windows-x86-64/InstallNTService.bat
  inflating: sonarqube-6.7.6/elasticsearch/bin/elasticsearch.in.bat
  inflating: sonarqube-6.7.6/elasticsearch/bin/elasticsearch-keystore.bat
  inflating: sonarqube-6.7.6/elasticsearch/bin/elasticsearch-translog.bat
  inflating: sonarqube-6.7.6/elasticsearch/bin/elasticsearch-plugin.bat
  inflating: sonarqube-6.7.6/elasticsearch/bin/elasticsearch-service.bat
  inflating: sonarqube-6.7.6/bin/macosx-universal-64/sonar.sh
  inflating: sonarqube-6.7.6/bin/linux-x86-64/sonar.sh
  inflating: sonarqube-6.7.6/bin/linux-x86-32/sonar.sh
  inflating: sonarqube-6.7.6/elasticsearch/bin/elasticsearch.in.sh
  inflating: sonarqube-6.7.6/extensions/plugins/README.txt
  inflating: sonarqube-6.7.6/extensions/jdbc-driver/oracle/README.txt
  inflating: sonarqube-6.7.6/temp/README.txt
  inflating: sonarqube-6.7.6/data/README.txt
  inflating: sonarqube-6.7.6/bin/jsw-license/LICENSE.txt
  inflating: sonarqube-6.7.6/elasticsearch/modules/ingest-common/joni-2.1.6.jar
  inflating: sonarqube-6.7.6/elasticsearch/modules/ingest-common/ingest-common-5.6.3.jar
  inflating: sonarqube-6.7.6/elasticsearch/modules/ingest-common/jcodings-1.0.12.jar
  inflating: sonarqube-6.7.6/elasticsearch/modules/transport-netty4/netty-codec-4.1.13.Final.jar
  inflating: sonarqube-6.7.6/elasticsearch/modules/transport-netty4/netty-resolver-4.1.13.Final.jar
  inflating: sonarqube-6.7.6/elasticsearch/modules/transport-netty4/netty-codec-http-4.1.13.Final.jar
  inflating: sonarqube-6.7.6/elasticsearch/modules/transport-netty4/plugin-security.policy 
  inflating: sonarqube-6.7.6/elasticsearch/modules/transport-netty4/netty-buffer-4.1.13.Final.jar
  inflating: sonarqube-6.7.6/elasticsearch/modules/transport-netty4/plugin-descriptor.properties
  inflating: sonarqube-6.7.6/elasticsearch/modules/parent-join/parent-join-5.6.3.jar
  inflating: sonarqube-6.7.6/elasticsearch/modules/parent-join/plugin-descriptor.properties
  inflating: sonarqube-6.7.6/elasticsearch/modules/reindex/httpasyncclient-4.1.2.jar
  inflating: sonarqube-6.7.6/elasticsearch/modules/reindex/httpcore-nio-4.4.5.jar
  inflating: sonarqube-6.7.6/elasticsearch/modules/reindex/httpcore-4.4.5.jar
  inflating: sonarqube-6.7.6/elasticsearch/lib/lucene-spatial-extras-6.6.1.jar
  inflating: sonarqube-6.7.6/elasticsearch/lib/lucene-spatial-6.6.1.jar
  inflating: sonarqube-6.7.6/elasticsearch/lib/t-digest-3.0.jar
  inflating: sonarqube-6.7.6/elasticsearch/lib/lucene-backward-codecs-6.6.1.jar
  inflating: sonarqube-6.7.6/elasticsearch/lib/plugin-cli-5.6.3.jar
  inflating: sonarqube-6.7.6/elasticsearch/lib/lucene-core-6.6.1.jar
  inflating: sonarqube-6.7.6/elasticsearch/VERSION.txt
  inflating: sonarqube-6.7.6/elasticsearch/NOTICE.txt
  inflating: sonarqube-6.7.6/elasticsearch/README.textile
  inflating: sonarqube-6.7.6/elasticsearch/bin/elasticsearch-translog
  inflating: sonarqube-6.7.6/elasticsearch/bin/elasticsearch-service-x86.exe
  inflating: sonarqube-6.7.6/elasticsearch/bin/elasticsearch-service-mgr.exe
  inflating: sonarqube-6.7.6/elasticsearch/bin/elasticsearch-systemd-pre-exec
  inflating: sonarqube-6.7.6/elasticsearch/bin/elasticsearch-keystore
  inflating: sonarqube-6.7.6/elasticsearch/bin/elasticsearch-service-x64.exe
  inflating: sonarqube-6.7.6/lib/jsw/wrapper-3.2.3.jar
  inflating: sonarqube-6.7.6/lib/server/jcl-over-slf4j-1.7.25.jar
  inflating: sonarqube-6.7.6/lib/server/logback-access-1.2.3.jar
  inflating: sonarqube-6.7.6/lib/server/tomcat-embed-core-8.5.23.jar
  inflating: sonarqube-6.7.6/lib/server/picocontainer-2.15.jar
  inflating: sonarqube-6.7.6/lib/server/protobuf-java-3.0.0-beta-2.jar
  inflating: sonarqube-6.7.6/lib/server/sonar-classloader-1.0.jar
  inflating: sonarqube-6.7.6/lib/server/sonar-plugin-api-6.7.6.jar
  inflating: sonarqube-6.7.6/lib/server/lz4-1.3.0.jar
  inflating: sonarqube-6.7.6/lib/server/commons-pool-1.5.4.jar
  inflating: sonarqube-6.7.6/lib/server/commons-dbutils-1.5.jar
  inflating: sonarqube-6.7.6/lib/server/sonar-markdown-6.7.6.jar
  inflating: sonarqube-6.7.6/lib/server/sonar-ws-6.7.6.jar
  inflating: sonarqube-6.7.6/lib/bundled-plugins/sonar-csharp-plugin-6.5.0.3766.jar
  inflating: sonarqube-6.7.6/lib/bundled-plugins/sonar-flex-plugin-2.3.jar
  inflating: sonarqube-6.7.6/lib/bundled-plugins/sonar-scm-svn-plugin-1.6.0.860.jar
  inflating: sonarqube-6.7.6/lib/bundled-plugins/sonar-xml-plugin-1.4.3.1027.jar
root@ip-172-31-34-138:/opt# ln -s sonarqube-6.7.6 sonar
root@ip-172-31-34-138:/opt# ls
sonar  sonarqube-6.7.6  sonarqube-6.7.6.zip
root@ip-172-31-34-138:/opt# cd
root@ip-172-31-34-138:~# mysql -h sonar.csul6kklpwyl.us-east-1.rds.amazonaws.com -P -u sonar -p
The program 'mysql' can be found in the following packages:
 * mysql-client-core-5.7
 * mariadb-client-core-10.0
Try: apt install <selected package>
root@ip-172-31-34-138:~# apt install mysql-client-core-5.7
Reading package lists... Done
Building dependency tree
Reading state information... Done
The following additional packages will be installed:
  libaio1
The following NEW packages will be installed:
  libaio1 mysql-client-core-5.7
0 upgraded, 2 newly installed, 0 to remove and 55 not upgraded.
Need to get 6,679 kB of archives.
After this operation, 31.5 MB of additional disk space will be used.
Do you want to continue? [Y/n] y
Get:1 http://us-east-1.ec2.archive.ubuntu.com/ubuntu xenial/main amd64 libaio1 amd64 0.3.110-2 [6,356 B]
Get:2 http://us-east-1.ec2.archive.ubuntu.com/ubuntu xenial-updates/main amd64 mysql-client-core-5.7 amd64 5.7.25-0ubuntu0.16.04.2 [6,673 kB]
Fetched 6,679 kB in 0s (28.9 MB/s)
Selecting previously unselected package libaio1:amd64.
(Reading database ... 51882 files and directories currently installed.)
Preparing to unpack .../libaio1_0.3.110-2_amd64.deb ...
Unpacking libaio1:amd64 (0.3.110-2) ...
Selecting previously unselected package mysql-client-core-5.7.
Preparing to unpack .../mysql-client-core-5.7_5.7.25-0ubuntu0.16.04.2_amd64.deb ...
Unpacking mysql-client-core-5.7 (5.7.25-0ubuntu0.16.04.2) ...
Processing triggers for libc-bin (2.23-0ubuntu10) ...
Processing triggers for man-db (2.7.5-1) ...
Setting up libaio1:amd64 (0.3.110-2) ...
Setting up mysql-client-core-5.7 (5.7.25-0ubuntu0.16.04.2) ...
Processing triggers for libc-bin (2.23-0ubuntu10) ...
root@ip-172-31-34-138:~# mysql -h sonar.csul6kklpwyl.us-east-1.rds.amazonaws.com -P -u sonar -p
mysql: [Warning] option 'port': value -u adjusted to 0
Enter password:
ERROR 1045 (28000): Access denied for user 'root'@'172.31.34.138' (using password: YES)
root@ip-172-31-34-138:~# mysql -h sonar.csul6kklpwyl.us-east-1.rds.amazonaws.com -P 3306 -u sonar -p
Enter password:
Welcome to the MySQL monitor.  Commands end with ; or \g.
Your MySQL connection id is 16
Server version: 5.6.40 Source distribution

Copyright (c) 2000, 2019, Oracle and/or its affiliates. All rights reserved.

Oracle is a registered trademark of Oracle Corporation and/or its
affiliates. Other names may be trademarks of their respective
owners.

Type 'help;' or '\h' for help. Type '\c' to clear the current input statement.

mysql> CREATE DATABASE sonar CHARACTER SET utf8 COLLATE utf8_general_ci;
Query OK, 1 row affected (0.01 sec)

mysql> CREATE USER sonar@'%' IDENTIFIED BY 'sonar';
ERROR 1396 (HY000): Operation CREATE USER failed for 'sonar'@'%'
mysql> show databases;
+--------------------+
| Database           |
+--------------------+
| information_schema |
| innodb             |
| mysql              |
| performance_schema |
| sonar              |
| sys                |
+--------------------+
6 rows in set (0.00 sec)

mysql> SELECT User FROM mysql.user;
+-----------+
| User      |
+-----------+
| sonar     |
| mysql.sys |
| rdsadmin  |
+-----------+
3 rows in set (0.00 sec)

mysql> SELECT User FROM mysql.user;
+-----------+
| User      |
+-----------+
| sonar     |
| mysql.sys |
| rdsadmin  |
+-----------+
3 rows in set (0.00 sec)

mysql> CREATE USER sonar@localhost IDENTIFIED BY 'sonar';
Query OK, 0 rows affected (0.00 sec)

mysql> CREATE USER sonar@'%' IDENTIFIED BY 'sonar';
ERROR 1396 (HY000): Operation CREATE USER failed for 'sonar'@'%'
mysql> CREATE USER sonar@'%' IDENTIFIED BY 'sonar@123';
ERROR 1396 (HY000): Operation CREATE USER failed for 'sonar'@'%'
mysql> SELECT User FROM mysql.user;
+-----------+
| User      |
+-----------+
| sonar     |
| mysql.sys |
| rdsadmin  |
| sonar     |
+-----------+
4 rows in set (0.00 sec)

mysql> drop user 'sonar'@'localhost'
    -> ;
Query OK, 0 rows affected (0.00 sec)

mysql> SELECT User FROM mysql.user;
+-----------+
| User      |
+-----------+
| sonar     |
| mysql.sys |
| rdsadmin  |
+-----------+
3 rows in set (0.01 sec)

mysql> CREATE USER sonar@localhost IDENTIFIED BY 'sonar';
Query OK, 0 rows affected (0.00 sec)

mysql> SELECT User FROM mysql.user;
+-----------+
| User      |
+-----------+
| sonar     |
| mysql.sys |
| rdsadmin  |
| sonar     |
+-----------+
4 rows in set (0.00 sec)

mysql> CREATE USER sonar@'%' IDENTIFIED BY 'sonar';
ERROR 1396 (HY000): Operation CREATE USER failed for 'sonar'@'%'
mysql> GRANT ALL ON sonar.* TO sonar@localhost;
Query OK, 0 rows affected (0.00 sec)

mysql> GRANT ALL ON sonar.* TO sonar@'%';
Query OK, 0 rows affected (0.00 sec)

mysql> FLUSH PRIVILEGES;
Query OK, 0 rows affected (0.00 sec)

mysql> quit
Bye
root@ip-172-31-34-138:~# # vi /opt/sonar/conf/sonar.properties
root@ip-172-31-34-138:~#  vi /opt/sonar/conf/sonar.properties
root@ip-172-31-34-138:~# cd /opt/sonar/bin/linux-x86-64/
root@ip-172-31-34-138:/opt/sonar/bin/linux-x86-64# ./sonar.sh start
Starting SonarQube...
Started SonarQube.
root@ip-172-31-34-138:/opt/sonar/bin/linux-x86-64# cp /opt/sonar/bin/linux-x86-64/sonar.sh /etc/init.d/sonar
root@ip-172-31-34-138:/opt/sonar/bin/linux-x86-64# vi /etc/init.d/sonar
root@ip-172-31-34-138:/opt/sonar/bin/linux-x86-64# service sonar start
Failed to start sonar.service: Unit sonar.service not found.
root@ip-172-31-34-138:/opt/sonar/bin/linux-x86-64# systemctl sonar start
Unknown operation sonar.
root@ip-172-31-34-138:/opt/sonar/bin/linux-x86-64# systemctl start sonar
Failed to start sonar.service: Unit sonar.service not found.
root@ip-172-31-34-138:/opt/sonar/bin/linux-x86-64# service start sonar
start: unrecognized service
root@ip-172-31-34-138:/opt/sonar/bin/linux-x86-64# adduser sonar
Adding user `sonar' ...
Adding new group `sonar' (1001) ...
Adding new user `sonar' (1001) with group `sonar' ...
Creating home directory `/home/sonar' ...
Copying files from `/etc/skel' ...
Enter new UNIX password:
Retype new UNIX password:
passwd: password updated successfully
Changing the user information for sonar
Enter the new value, or press ENTER for the default
        Full Name []: sdfs
        Room Number []: sfdsdf
        Work Phone []: sdfsdfs
        Home Phone []: dsfsdfs
        Other []: sdff
Is the information correct? [Y/n] y
root@ip-172-31-34-138:/opt/sonar/bin/linux-x86-64# sudo useradd -c "Sonar System User" -d /opt/sonar -g sonar -s /bin/bash sonar
useradd: user 'sonar' already exists
root@ip-172-31-34-138:/opt/sonar/bin/linux-x86-64# sudo chown -R sonar:sonar /opt/sonar
root@ip-172-31-34-138:/opt/sonar/bin/linux-x86-64# su soanr
No passwd entry for user 'soanr'
root@ip-172-31-34-138:/opt/sonar/bin/linux-x86-64# su sonar
sonar@ip-172-31-34-138:/opt/sonar/bin/linux-x86-64$ ./sonar.sh start
Starting SonarQube...
Failed to start SonarQube.
sonar@ip-172-31-34-138:/opt/sonar/bin/linux-x86-64$ ./sonar.sh start
Starting SonarQube...
Failed to start SonarQube.
sonar@ip-172-31-34-138:/opt/sonar/bin/linux-x86-64$ ./sonar.sh start
Starting SonarQube...

Failed to start SonarQube.
sonar@ip-172-31-34-138:/opt/sonar/bin/linux-x86-64$
sonar@ip-172-31-34-138:/opt/sonar/bin/linux-x86-64$ cd /etc/init.d/
sonar@ip-172-31-34-138:/etc/init.d$ ls
acpid                   hwclock.sh             mountnfs-bootclean.sh  screen-cleanup
apparmor                irqbalance             mountnfs.sh            sendsigs
apport                  iscsid                 networking             single
atd                     keyboard-setup         ondemand               skeleton
bootmisc.sh             killprocs              open-iscsi             sonar
checkfs.sh              kmod                   open-vm-tools          ssh
checkroot-bootclean.sh  lvm2                   plymouth               udev
checkroot.sh            lvm2-lvmetad           plymouth-log           ufw
console-setup           lvm2-lvmpolld          procps                 umountfs
cron                    lxcfs                  rc                     umountnfs.sh
cryptdisks              lxd                    rc.local               umountroot
cryptdisks-early        mdadm                  rcS                    unattended-upgrades
dbus                    mdadm-waitidle         README                 urandom
grub-common             mountall-bootclean.sh  reboot                 uuidd
halt                    mountall.sh            resolvconf             x11-common
hibagent                mountdevsubfs.sh       rsync
hostname.sh             mountkernfs.sh         rsyslog
sonar@ip-172-31-34-138:/etc/init.d$ service sonar
Unable to locate any of the following binaries:
  /etc/init.d/./wrapper-linux-x86-32
  /etc/init.d/./wrapper-linux-x86-64
  /etc/init.d/./wrapper
sonar@ip-172-31-34-138:/etc/init.d$ vi sonar
sonar@ip-172-31-34-138:/etc/init.d$ exit
exit
root@ip-172-31-34-138:/opt/sonar/bin/linux-x86-64# cd /etc/init.d/
root@ip-172-31-34-138:/etc/init.d# vi sonar
root@ip-172-31-34-138:/etc/init.d# service sonar
Usage: /etc/init.d/sonar { console | start | stop | restart | status | dump }
root@ip-172-31-34-138:/etc/init.d# service sonar start
Failed to start sonar.service: Unit sonar.service not found.
root@ip-172-31-34-138:/etc/init.d# service sonar start
Failed to start sonar.service: Unit sonar.service not found.
root@ip-172-31-34-138:/etc/init.d# su sonar
sonar@ip-172-31-34-138:/etc/init.d$ service soanr start
==== AUTHENTICATING FOR org.freedesktop.systemd1.manage-units ===
Authentication is required to start 'soanr.service'.
Authenticating as: Ubuntu (ubuntu)
Password:
sonar@ip-172-31-34-138:/etc/init.d$ service sonar start
==== AUTHENTICATING FOR org.freedesktop.systemd1.manage-units ===
Authentication is required to start 'sonar.service'.
Authenticating as: Ubuntu (ubuntu)
Password:
sonar@ip-172-31-34-138:/etc/init.d$ service start sonar
start: unrecognized service
sonar@ip-172-31-34-138:/etc/init.d$ service sonar
Usage: /etc/init.d/sonar { console | start | stop | restart | status | dump }
sonar@ip-172-31-34-138:/etc/init.d$ service sonar status
? sonar.service
   Loaded: not-found (Reason: No such file or directory)
   Active: inactive (dead)
sonar@ip-172-31-34-138:/etc/init.d$ exit
exit
root@ip-172-31-34-138:/etc/init.d# ls
acpid                   hwclock.sh             mountnfs-bootclean.sh  screen-cleanup
apparmor                irqbalance             mountnfs.sh            sendsigs
apport                  iscsid                 networking             single
atd                     keyboard-setup         ondemand               skeleton
bootmisc.sh             killprocs              open-iscsi             sonar
checkfs.sh              kmod                   open-vm-tools          ssh
checkroot-bootclean.sh  lvm2                   plymouth               udev
checkroot.sh            lvm2-lvmetad           plymouth-log           ufw
console-setup           lvm2-lvmpolld          procps                 umountfs
cron                    lxcfs                  rc                     umountnfs.sh
cryptdisks              lxd                    rc.local               umountroot
cryptdisks-early        mdadm                  rcS                    unattended-upgrades
dbus                    mdadm-waitidle         README                 urandom
grub-common             mountall-bootclean.sh  reboot                 uuidd
halt                    mountall.sh            resolvconf             x11-common
hibagent                mountdevsubfs.sh       rsync
hostname.sh             mountkernfs.sh         rsyslog
root@ip-172-31-34-138:/etc/init.d# mv sonar sonar.service
root@ip-172-31-34-138:/etc/init.d# service start sonar.service
start: unrecognized service
root@ip-172-31-34-138:/etc/init.d# service  sonar.service
Usage: /etc/init.d/sonar.service { console | start | stop | restart | status | dump }
root@ip-172-31-34-138:/etc/init.d# service  sonar.service start
Failed to start sonar.service.service: Unit sonar.service.service not found.
root@ip-172-31-34-138:/etc/init.d# cd /opt/
root@ip-172-31-34-138:/opt# cd sonar
root@ip-172-31-34-138:/opt/sonar# cd bin/
root@ip-172-31-34-138:/opt/sonar/bin# ls
jsw-license   linux-x86-64         windows-x86-32
linux-x86-32  macosx-universal-64  windows-x86-64
root@ip-172-31-34-138:/opt/sonar/bin# cd linux-x86-64/
root@ip-172-31-34-138:/opt/sonar/bin/linux-x86-64# ls
lib  sonar.sh  wrapper
root@ip-172-31-34-138:/opt/sonar/bin/linux-x86-64# sh sonar.sh start
Starting SonarQube...
Started SonarQube.
root@ip-172-31-34-138:/opt/sonar/bin/linux-x86-64# sh sonar.sh status
SonarQube is not running.
root@ip-172-31-34-138:/opt/sonar/bin/linux-x86-64# cat /etc/init.d/sonar.service
#! /bin/sh

SONAR_HOME=/opt/sonar
PLATFORM=linux-x86-64

WRAPPER_CMD="${SONAR_HOME}/bin/${PLATFORM}/wrapper"
WRAPPER_CONF="${SONAR_HOME}/conf/wrapper.conf"
PIDDIR="/var/run"
#
# Copyright (c) 1999, 2006 Tanuki Software Inc.
#
# Java Service Wrapper sh script.  Suitable for starting and stopping
#  wrapped Java applications on UNIX platforms.
#

#-----------------------------------------------------------------------------
# These settings can be modified to fit the needs of your application

# Default values for the Application variables, below.
#
# NOTE: The build for specific applications may override this during the resource-copying
# phase, to fill in a concrete name and avoid the use of the defaults specified here.
DEF_APP_NAME="SonarQube"
DEF_APP_LONG_NAME="SonarQube"

# Application
APP_NAME="${DEF_APP_NAME}"
APP_LONG_NAME="${DEF_APP_LONG_NAME}"

# Wrapper
#WRAPPER_CMD="./wrapper"
#WRAPPER_CONF="../../conf/wrapper.conf"

# Priority at which to run the wrapper.  See "man nice" for valid priorities.
#  nice is only used if a priority is specified.
PRIORITY=

# Location of the pid file.
#PIDDIR="."

# If uncommented, causes the Wrapper to be shutdown using an anchor file.
#  When launched with the 'start' command, it will also ignore all INT and
#  TERM signals.
#IGNORE_SIGNALS=true

# If specified, the Wrapper will be run as the specified user.
# IMPORTANT - Make sure that the user has the required privileges to write
#  the PID file and wrapper.log files.  Failure to be able to write the log
#  file will cause the Wrapper to exit without any way to write out an error
#  message.
# NOTE - This will set the user which is used to run the Wrapper as well as
#  the JVM and is not useful in situations where a privileged resource or
#  port needs to be allocated prior to the user being changed.
#RUN_AS_USER=

# The following two lines are used by the chkconfig command. Change as is
#  appropriate for your application.  They should remain commented.
# chkconfig: 2345 20 80
# description: Test Wrapper Sample Application

# Do not modify anything beyond this point
#-----------------------------------------------------------------------------

# Get the fully qualified path to the script
case $0 in
    /*)
        SCRIPT="$0"
        ;;
    *)
        PWD=`pwd`
        SCRIPT="$PWD/$0"
        ;;
esac

# Resolve the true real path without any sym links.
CHANGED=true
while [ "X$CHANGED" != "X" ]
do
    # Change spaces to ":" so the tokens can be parsed.
    SAFESCRIPT=`echo $SCRIPT | sed -e 's; ;:;g'`
    # Get the real path to this script, resolving any symbolic links
    TOKENS=`echo $SAFESCRIPT | sed -e 's;/; ;g'`
    REALPATH=
    for C in $TOKENS; do
        # Change any ":" in the token back to a space.
        C=`echo $C | sed -e 's;:; ;g'`
        REALPATH="$REALPATH/$C"
        # If REALPATH is a sym link, resolve it.  Loop for nested links.
        while [ -h "$REALPATH" ] ; do
            LS="`ls -ld "$REALPATH"`"
            LINK="`expr "$LS" : '.*-> \(.*\)$'`"
            if expr "$LINK" : '/.*' > /dev/null; then
                # LINK is absolute.
                REALPATH="$LINK"
            else
                # LINK is relative.
                REALPATH="`dirname "$REALPATH"`""/$LINK"
            fi
        done
    done

    if [ "$REALPATH" = "$SCRIPT" ]
    then
        CHANGED=""
    else
        SCRIPT="$REALPATH"
    fi
done

# Change the current directory to the location of the script
cd "`dirname "$REALPATH"`"
REALDIR=`pwd`

# If the PIDDIR is relative, set its value relative to the full REALPATH to avoid problems if
#  the working directory is later changed.
FIRST_CHAR=`echo $PIDDIR | cut -c1,1`
if [ "$FIRST_CHAR" != "/" ]
then
    PIDDIR=$REALDIR/$PIDDIR
fi
# Same test for WRAPPER_CMD
FIRST_CHAR=`echo $WRAPPER_CMD | cut -c1,1`
if [ "$FIRST_CHAR" != "/" ]
then
    WRAPPER_CMD=$REALDIR/$WRAPPER_CMD
fi
# Same test for WRAPPER_CONF
FIRST_CHAR=`echo $WRAPPER_CONF | cut -c1,1`
if [ "$FIRST_CHAR" != "/" ]
then
    WRAPPER_CONF=$REALDIR/$WRAPPER_CONF
fi

# Process ID
ANCHORFILE="$PIDDIR/$APP_NAME.anchor"
PIDFILE="$PIDDIR/$APP_NAME.pid"
LOCKDIR="/var/lock/subsys"
LOCKFILE="$LOCKDIR/$APP_NAME"
pid=""

# Resolve the location of the 'ps' command
PSEXE="/usr/bin/ps"
if [ ! -x "$PSEXE" ]
then
    PSEXE="/bin/ps"
    if [ ! -x "$PSEXE" ]
    then
        echo "Unable to locate 'ps'."
        echo "Please report this message along with the location of the command on your system."
        exit 1
    fi
fi

# Resolve the os
DIST_OS=`uname -s | tr [:upper:] [:lower:] | tr -d [:blank:]`
case "$DIST_OS" in
    'sunos')
        DIST_OS="solaris"
        ;;
    'hp-ux' | 'hp-ux64')
        DIST_OS="hpux"
        ;;
    'darwin')
        DIST_OS="macosx"
        ;;
    'unix_sv')
        DIST_OS="unixware"
        ;;
esac

# Resolve the architecture
DIST_ARCH=`uname -p | tr [:upper:] [:lower:] | tr -d [:blank:]`
if [ "$DIST_ARCH" = "unknown" ]
then
    DIST_ARCH=`uname -m | tr [:upper:] [:lower:] | tr -d [:blank:]`
fi
case "$DIST_ARCH" in
    'amd64' | 'athlon' | 'ia32' | 'ia64' | 'i386' | 'i486' | 'i586' | 'i686' | 'x86_64')
        DIST_ARCH="x86"
        ;;
    'ip27')
        DIST_ARCH="mips"
        ;;
    'power' | 'powerpc' | 'power_pc' | 'ppc64')
        DIST_ARCH="ppc"
        ;;
    'pa_risc' | 'pa-risc')
        DIST_ARCH="parisc"
        ;;
    'sun4u' | 'sparcv9')
        DIST_ARCH="sparc"
        ;;
    '9000/800')
        DIST_ARCH="parisc"
        ;;
esac

outputFile() {
    if [ -f "$1" ]
    then
        echo "  $1 (Found but not executable.)";
    else
        echo "  $1"
    fi
}

# Decide on the wrapper binary to use.
# If a 32-bit wrapper binary exists then it will work on 32 or 64 bit
#  platforms, if the 64-bit binary exists then the distribution most
#  likely wants to use long names.  Otherwise, look for the default.
# For macosx, we also want to look for universal binaries.
WRAPPER_TEST_CMD="$WRAPPER_CMD-$DIST_OS-$DIST_ARCH-32"
if [ -x "$WRAPPER_TEST_CMD" ]
then
    WRAPPER_CMD="$WRAPPER_TEST_CMD"
else
    if [ "$DIST_OS" = "macosx" ]
    then
        WRAPPER_TEST_CMD="$WRAPPER_CMD-$DIST_OS-universal-32"
        if [ -x "$WRAPPER_TEST_CMD" ]
        then
            WRAPPER_CMD="$WRAPPER_TEST_CMD"
        else
            WRAPPER_TEST_CMD="$WRAPPER_CMD-$DIST_OS-$DIST_ARCH-64"
            if [ -x "$WRAPPER_TEST_CMD" ]
            then
                WRAPPER_CMD="$WRAPPER_TEST_CMD"
            else
                WRAPPER_TEST_CMD="$WRAPPER_CMD-$DIST_OS-universal-64"
                if [ -x "$WRAPPER_TEST_CMD" ]
                then
                    WRAPPER_CMD="$WRAPPER_TEST_CMD"
                else
                    if [ ! -x "$WRAPPER_CMD" ]
                    then
                        echo "Unable to locate any of the following binaries:"
                        outputFile "$WRAPPER_CMD-$DIST_OS-$DIST_ARCH-32"
                        outputFile "$WRAPPER_CMD-$DIST_OS-universal-32"
                        outputFile "$WRAPPER_CMD-$DIST_OS-$DIST_ARCH-64"
                        outputFile "$WRAPPER_CMD-$DIST_OS-universal-64"
                        outputFile "$WRAPPER_CMD"
                        exit 1
                    fi
                fi
            fi
        fi
    else
        WRAPPER_TEST_CMD="$WRAPPER_CMD-$DIST_OS-$DIST_ARCH-64"
        if [ -x "$WRAPPER_TEST_CMD" ]
        then
            WRAPPER_CMD="$WRAPPER_TEST_CMD"
        else
            if [ ! -x "$WRAPPER_CMD" ]
            then
                echo "Unable to locate any of the following binaries:"
                outputFile "$WRAPPER_CMD-$DIST_OS-$DIST_ARCH-32"
                outputFile "$WRAPPER_CMD-$DIST_OS-$DIST_ARCH-64"
                outputFile "$WRAPPER_CMD"
                exit 1
            fi
        fi
    fi
fi

# Build the nice clause
if [ "X$PRIORITY" = "X" ]
then
    CMDNICE=""
else
    CMDNICE="nice -$PRIORITY"
fi

# Build the anchor file clause.
if [ "X$IGNORE_SIGNALS" = "X" ]
then
   ANCHORPROP=
   IGNOREPROP=
else
   ANCHORPROP=wrapper.anchorfile=\"$ANCHORFILE\"
   IGNOREPROP=wrapper.ignore_signals=TRUE
fi

# Build the lock file clause.  Only create a lock file if the lock directory exists on this platform.
LOCKPROP=
if [ -d $LOCKDIR ]
then
    if [ -w $LOCKDIR ]
    then
        LOCKPROP=wrapper.lockfile=\"$LOCKFILE\"
    fi
fi

checkUser() {
    # $1 touchLock flag
    # $2 command

    # Check the configured user.  If necessary rerun this script as the desired user.
    if [ "X$RUN_AS_USER" != "X" ]
    then
        # Resolve the location of the 'id' command
        IDEXE="/usr/xpg4/bin/id"
        if [ ! -x "$IDEXE" ]
        then
            IDEXE="/usr/bin/id"
            if [ ! -x "$IDEXE" ]
            then
                echo "Unable to locate 'id'."
                echo "Please report this message along with the location of the command on your system."
                exit 1
            fi
        fi

        if [ "`$IDEXE -u -n`" = "$RUN_AS_USER" ]
        then
            # Already running as the configured user.  Avoid password prompts by not calling su.
            RUN_AS_USER=""
        fi
    fi
    if [ "X$RUN_AS_USER" != "X" ]
    then
        # If LOCKPROP and $RUN_AS_USER are defined then the new user will most likely not be
        # able to create the lock file.  The Wrapper will be able to update this file once it
        # is created but will not be able to delete it on shutdown.  If $2 is defined then
        # the lock file should be created for the current command
        if [ "X$LOCKPROP" != "X" ]
        then
            if [ "X$1" != "X" ]
            then
                # Resolve the primary group
                RUN_AS_GROUP=`groups $RUN_AS_USER | awk '{print $3}' | tail -1`
                if [ "X$RUN_AS_GROUP" = "X" ]
                then
                    RUN_AS_GROUP=$RUN_AS_USER
                fi
                touch $LOCKFILE
                chown $RUN_AS_USER:$RUN_AS_GROUP $LOCKFILE
            fi
        fi

        # Still want to change users, recurse.  This means that the user will only be
        #  prompted for a password once. Variables shifted by 1
        su -m $RUN_AS_USER -c "\"$REALPATH\" $2"
        RETVAL=$?

        # Now that we are the original user again, we may need to clean up the lock file.
        if [ "X$LOCKPROP" != "X" ]
        then
            getpid
            if [ "X$pid" = "X" ]
            then
                # Wrapper is not running so make sure the lock file is deleted.
                if [ -f "$LOCKFILE" ]
                then
                    rm "$LOCKFILE"
                fi
            fi
        fi

        exit $RETVAL
    fi
}

getpid() {
    if [ -f "$PIDFILE" ]
    then
        if [ -r "$PIDFILE" ]
        then
            pid=`cat "$PIDFILE"`
            if [ "X$pid" != "X" ]
            then
                # It is possible that 'a' process with the pid exists but that it is not the
                #  correct process.  This can happen in a number of cases, but the most
                #  common is during system startup after an unclean shutdown.
                # The ps statement below looks for the specific wrapper command running as
                #  the pid.  If it is not found then the pid file is considered to be stale.
                pidtest=`$PSEXE -p $pid -o args | grep "$WRAPPER_CMD" | tail -1`
                if [ "X$pidtest" = "X" ]
                then
                    # This is a stale pid file.
                    rm -f "$PIDFILE"
                    echo "Removed stale pid file: $PIDFILE"
                    pid=""
                fi
            fi
        else
            echo "Cannot read $PIDFILE."
            exit 1
        fi
    fi
}

testpid() {
    pid=`$PSEXE -p $pid | grep $pid | grep -v grep | awk '{print $1}' | tail -1`
    if [ "X$pid" = "X" ]
    then
        # Process is gone so remove the pid file.
        rm -f "$PIDFILE"
        pid=""
    fi
}

console() {
    echo "Running $APP_LONG_NAME..."
    getpid
    if [ "X$pid" = "X" ]
    then
        # The string passed to eval must handles spaces in paths correctly.
        COMMAND_LINE="$CMDNICE \"$WRAPPER_CMD\" \"$WRAPPER_CONF\" wrapper.syslog.ident=$APP_NAME wrapper.pidfile=\"$PIDFILE\" $ANCHORPROP $LOCKPROP"
        eval $COMMAND_LINE
    else
        echo "$APP_LONG_NAME is already running."
        exit 1
    fi
}

start() {
    echo "Starting $APP_LONG_NAME..."
    getpid
    if [ "X$pid" = "X" ]
    then
        # The string passed to eval must handles spaces in paths correctly.
        COMMAND_LINE="$CMDNICE \"$WRAPPER_CMD\" \"$WRAPPER_CONF\" wrapper.syslog.ident=$APP_NAME wrapper.pidfile=\"$PIDFILE\" wrapper.daemonize=TRUE $ANCHORPROP $IGNOREPROP $LOCKPROP"
        eval $COMMAND_LINE
    else
        echo "$APP_LONG_NAME is already running."
        exit 1
    fi
    getpid
    if [ "X$pid" != "X" ]
    then
        echo "Started $APP_LONG_NAME."
    else
        echo "Failed to start $APP_LONG_NAME."
    fi
}

stopit() {
    echo "Stopping $APP_LONG_NAME..."
    getpid
    if [ "X$pid" = "X" ]
    then
        echo "$APP_LONG_NAME was not running."
    else
        if [ "X$IGNORE_SIGNALS" = "X" ]
        then
            # Running so try to stop it.
            kill $pid
            if [ $? -ne 0 ]
            then
                # An explanation for the failure should have been given
                echo "Unable to stop $APP_LONG_NAME."
                exit 1
            fi
        else
            rm -f "$ANCHORFILE"
            if [ -f "$ANCHORFILE" ]
            then
                # An explanation for the failure should have been given
                echo "Unable to stop $APP_LONG_NAME."
                exit 1
            fi
        fi

        # We can not predict how long it will take for the wrapper to
        #  actually stop as it depends on settings in wrapper.conf.
        #  Loop until it does.
        savepid=$pid
        CNT=0
        TOTCNT=0
        while [ "X$pid" != "X" ]
        do
            # Show a waiting message every 5 seconds.
            if [ "$CNT" -lt "5" ]
            then
                CNT=`expr $CNT + 1`
            else
                echo "Waiting for $APP_LONG_NAME to exit..."
                CNT=0
            fi
            TOTCNT=`expr $TOTCNT + 1`

            sleep 1

            testpid
        done

        pid=$savepid
        testpid
        if [ "X$pid" != "X" ]
        then
            echo "Failed to stop $APP_LONG_NAME."
            exit 1
        else
            echo "Stopped $APP_LONG_NAME."
        fi
    fi
}

status() {
    getpid
    if [ "X$pid" = "X" ]
    then
        echo "$APP_LONG_NAME is not running."
        exit 1
    else
        echo "$APP_LONG_NAME is running ($pid)."
        exit 0
    fi
}

dump() {
    echo "Dumping $APP_LONG_NAME..."
    getpid
    if [ "X$pid" = "X" ]
    then
        echo "$APP_LONG_NAME was not running."

    else
        kill -3 $pid

        if [ $? -ne 0 ]
        then
            echo "Failed to dump $APP_LONG_NAME."
            exit 1
        else
            echo "Dumped $APP_LONG_NAME."
        fi
    fi
}

case "$1" in

    'console')
        checkUser touchlock $1
        console
        ;;

    'start')
        checkUser touchlock $1
        start
        ;;

    'stop')
        checkUser "" $1
        stopit
        ;;

    'restart')
        checkUser touchlock $1
        stopit
        start
        ;;

    'status')
        checkUser "" $1
        status
        ;;

    'dump')
        checkUser "" $1
        dump
        ;;

    *)
        echo "Usage: $0 { console | start | stop | restart | status | dump }"
        exit 1
        ;;
esac

exit 0
root@ip-172-31-34-138:/opt/sonar/bin/linux-x86-64#
